Microsoft (R) Macro Assembler Version 14.44.35215.0	    12/04/25 14:03:43
main.asm						     Page 1 - 1


				INCLUDE Irvine32.inc
			      C ; Include file for Irvine32.lib             (Irvine32.inc)
			      C 
			      C ;OPTION CASEMAP:NONE		; optional: make identifiers case-sensitive
			      C 
			      C INCLUDE SmallWin.inc		; MS-Windows prototypes, structures, and constants
			      C .NOLIST
			      C .LIST
			      C 
			      C INCLUDE VirtualKeys.inc
			      C ; VirtualKeys.inc
			      C .NOLIST
			      C .LIST
			      C 
			      C 
			      C .NOLIST
			      C .LIST
			      C 

 00000000			.data
 00000000  00000010 [		intGrid byte 16 dup(0)
	    00
	   ]
 00000010  00000010 [		tempGrid byte 16 dup(0)
	    00
	   ]
 00000020 7C 20 20 20 20	strRep byte "|       ",0,
	   20 20 20 00 7C
	   20 20 20 32 20
	   20 20 00 7C 20
	   20 20 34 20 20
	   20 00 7C 20 20
	   20 38 20 20 20
	   00 7C 20 20 20
	   31 36 20 20 00
	   7C 20 20 20 33
	   32 20 20 00 7C
	   20 20 20 36 34
	   20 20 00 7C 20
	   20 31 32 38 20
	   20 00 7C 20 20
	   32 35 36 20 20
	   00 7C 20 20 35
	   31 32 20 20 00
	   7C 20 20 31 30
	   32 34 20 00 7C
	   20 20 32 30 34
	   38 20 00 7C 20
	   20 34 30 39 36
	   20 00
							"|   2   ",0,
							"|   4   ",0,
							"|   8   ",0,
							"|   16  ",0,
							"|   32  ",0,
							"|   64  ",0,
							"|  128  ",0,
							"|  256  ",0,
							"|  512  ",0,
							"|  1024 ",0,
							"|  2048 ",0,
							"|  4096 ",0

 00000095 2B 2D 2D 2D 2D	horLine byte "+-------+-------+-------+-------+",0
	   2D 2D 2D 2B 2D
	   2D 2D 2D 2D 2D
	   2D 2B 2D 2D 2D
	   2D 2D 2D 2D 2B
	   2D 2D 2D 2D 2D
	   2D 2D 2B 00
 000000B7 7C 00			verLine byte "|",0
 000000B9 00000000		score dword 0
 000000BD 53 63 6F 72 65	scoreMsg byte "Score: ",0
	   3A 20 00
 000000C5 03			scoreRow byte 3
 000000C6 1E			scoreCol byte 30
 000000C7 05			startRow byte 5
 000000C8 28			startCol byte 40
 000000C9 0F			endRow byte 15
 000000CA 14			endCol byte 20
 000000CB 0C 08 04 00 0D	rot90CW byte 12,8,4,0,13,9,5,1,14,10,6,2,15,11,7,3
	   09 05 01 0E 0A
	   06 02 0F 0B 07
	   03
 000000DB 0F 0E 0D 0C 0B	rot180 byte 15,14,13,12,11,10,9,8,7,6,5,4,3,2,1,0
	   0A 09 08 07 06
	   05 04 03 02 01
	   00
 000000EB 03 07 0B 0F 02	rot90CCW byte 3,7,11,15,2,6,10,14,1,5,9,13,0,4,8,12
	   06 0A 0E 01 05
	   09 0D 00 04 08
	   0C
 000000FB 53 6F 72 72 79	lostMsg byte "Sorry, you ran out of moves. You lost. Press the space bar to play again."
	   2C 20 79 6F 75
	   20 72 61 6E 20
	   6F 75 74 20 6F
	   66 20 6D 6F 76
	   65 73 2E 20 59
	   6F 75 20 6C 6F
	   73 74 2E 20 50
	   72 65 73 73 20
	   74 68 65 20 73
	   70 61 63 65 20
	   62 61 72 20 74
	   6F 20 70 6C 61
	   79 20 61 67 61
	   69 6E 2E

				;    +-------+-------+-------+-------+
				;    |   0   |   0   |  2048 |   0   |
				;    +-------+-------+-------+-------+
				;    |   0   |   16  |   0   |   0   |
				;    +-------+-------+-------+-------+
				;    |   0   |   0   |   0   |   0   |
				;    +-------+-------+-------+-------+
				;    |   0   |   0   |   0   |   0   |
				;    +-------+-------+-------+-------+


 00000000			.code
 00000000			main PROC
 00000000  E8 00000000 E		call Randomize
 00000005				restart:
 00000005  E8 0000004A			call clearGrid
 0000000A				gameLoop:
 0000000A  E8 00000062			call newTile
 0000000F  E8 000000C6			call printGrid
 00000014  33 DB			xor ebx, ebx
 00000016  E8 00000163			call checkGameOver
 0000001B  83 FB 01			cmp ebx, 1
 0000001E  74 07			je gameLost
 00000020  E8 000001C5			call getMove
 00000025  EB E3			jmp gameLoop

 00000027				gameLost:
 00000027  8A 35 000000C9 R		mov dh, [endRow]
 0000002D  8A 15 000000CA R		mov dl, [endCol]
 00000033  E8 00000000 E		call gotoxy
 00000038  BA 000000FB R		mov edx, offset lostMsg
 0000003D  E8 00000000 E		call writestring
					
 00000042				restartLoop:
 00000042  E8 00000000 E		call readchar
 00000047  3C 20			cmp al, 20h
 00000049  74 BA			je restart
 0000004B  EB F5			jmp restartLoop

 0000004D				endprogram:
					exit
 0000004D  6A 00	   *	    push   +000000000h
 0000004F  E8 00000000 E   *	    call   ExitProcess
 00000054			main ENDP


 00000054			clearGrid proc
 00000054  60				pushad

 00000055  C7 05 000000B9 R		mov dword ptr [score],0
	   00000000

 0000005F  BE 00000000 R		mov esi, offset intGrid
 00000064  B9 00000010			mov ecx, 16

 00000069				clearCell:
 00000069  C6 06 00			mov byte ptr [esi], 0
 0000006C  46				inc esi
 0000006D  E2 FA			loop clearCell

 0000006F  61				popad
 00000070  C3				ret
 00000071			clearGrid endp


 00000071			newTile proc
 00000071  60				pushad
					
 00000072  BE 00000000 R		mov esi, offset intGrid
 00000077  B9 00000010			mov ecx, 16
 0000007C  33 DB			xor ebx, ebx
 0000007E  33 FF			xor edi, edi

 00000080				countEmpty:
 00000080  8A 04 3E			mov al, [esi + edi]
 00000083  3C 00			cmp al, 0
 00000085  75 01			jne notEmpty
 00000087  43				inc ebx
 00000088				notEmpty:
 00000088  47				inc edi
 00000089  E2 F5			loop countEmpty

 0000008B  83 FB 00			cmp ebx, 0
 0000008E  74 43			je boardFull

 00000090  8B C3			mov eax, ebx
 00000092  E8 00000000 E		call randomrange
 00000097  8B E8			mov ebp, eax

 00000099  33 FF			xor edi, edi
 0000009B  33 C0			xor eax, eax
 0000009D				findEmpty:
 0000009D  8A 14 3E			mov dl, [esi + edi]
 000000A0  80 FA 00			cmp dl, 0
 000000A3  75 05			jne skipCell
 000000A5  3B C5			cmp eax, ebp
 000000A7  74 04			je placeTile
 000000A9  40				inc eax
 000000AA				skipCell:
 000000AA  47				inc edi
 000000AB  EB F0			jmp findEmpty

 000000AD				placeTile:
 000000AD  B8 00000004			mov eax, 4
 000000B2  E8 00000000 E		call randomrange
 000000B7  83 F8 03			cmp eax, 3
 000000BA  74 04			je makeFour
 000000BC  B0 01			mov al, 1
 000000BE  EB 02			jmp storeTile
 000000C0				makeFour:
 000000C0  B0 02			mov al, 2

 000000C2				storeTile:
 000000C2  88 04 3E			mov [esi + edi], al
 000000C5  D0 E0			shl al, 1
 000000C7  0F B6 C0			movzx eax, al
 000000CA  01 05 000000B9 R		add dword ptr [score], eax
 000000D0  61				popad
 000000D1  EB 06			jmp done

 000000D3				boardFull:
 000000D3  61				popad
 000000D4  BB 00000001			mov ebx, 1

 000000D9				done:
 000000D9  C3				ret
 000000DA			newTile ENDP


 000000DA			printGrid proc
 000000DA  60				pushad
					
 000000DB  E8 00000000 E		call clrscr
 000000E0  8A 35 000000C7 R		mov dh, [startRow]
 000000E6  8A 15 000000C8 R		mov dl, [startCol]
 000000EC  B8 00000004			mov eax, 4   ;keeps track of the outer loop
 000000F1  33 DB			xor ebx, ebx   ;keeps track of the array index
					
 000000F3				printRow:
 000000F3  E8 00000000 E		call gotoxy
 000000F8  52				push edx
 000000F9  BA 00000095 R		mov edx, offset horLine
 000000FE  E8 00000000 E		call writestring
 00000103  5A				pop edx
 00000104  FE C6			inc dh
 00000106  B9 00000004			mov ecx, 4  ;keeps track of the inner loop
 0000010B  E8 00000000 E		call gotoxy

 00000110				printCell:
 00000110  0F B6 BB			movzx edi, byte ptr [intGrid + ebx]
	   00000000 R
 00000117  6B FF 09			imul edi, 9
 0000011A  52				push edx
 0000011B  8D 97 00000020 R		lea edx, [strRep + edi]
 00000121  E8 00000000 E		call writestring
 00000126  5A				pop edx
 00000127  43				inc ebx
 00000128  49				dec ecx
 00000129  83 F9 00			cmp ecx, 0
 0000012C  75 E2			jne printCell

 0000012E  52				push edx
 0000012F  BA 000000B7 R		mov edx, offset verLine
 00000134  E8 00000000 E		call writestring
 00000139  5A				pop edx
 0000013A  FE C6			inc dh
 0000013C  8A 15 000000C8 R		mov dl, [startCol]
 00000142  48				dec eax
 00000143  83 F8 00			cmp eax, 0
 00000146  75 AB			jne printRow

 00000148  E8 00000000 E		call gotoxy
 0000014D  BA 00000095 R		mov edx, offset horLine
 00000152  E8 00000000 E		call writestring

 00000157  8A 35 000000C5 R		mov dh, [scoreRow]
 0000015D  8A 15 000000C6 R		mov dl, [scoreCol]
 00000163  E8 00000000 E		call gotoxy
 00000168  BA 000000BD R		mov edx, offset scoreMsg
 0000016D  E8 00000000 E		call writestring
 00000172  A1 000000B9 R		mov eax, [score]
 00000177  E8 00000000 E		call writedec

 0000017C  61				popad
 0000017D  C3				ret
 0000017E			printGrid endp


 0000017E			checkGameOver proc
 0000017E  60				pushad

 0000017F  BE 00000000 R		mov esi, offset intGrid
 00000184  B9 00000010			mov ecx, 16
 00000189  33 FF			xor edi, edi

					;checks if the grid has any open cells
 0000018B				checkEmpty:
 0000018B  8A 04 3E			mov al, [esi + edi]
 0000018E  3C 00			cmp al, 0
 00000190  74 4F			je gameNotOver
 00000192  47				inc edi
 00000193  E2 F6			loop checkEmpty

					;checks if horizontal merges can be made
 00000195  BA 00000000			mov edx, 0
 0000019A				rowLoopH:
 0000019A  B9 00000003			mov ecx, 3
 0000019F  8B FA			mov edi, edx
 000001A1				colLoopH:
 000001A1  8A 04 3E			mov al, [esi + edi]
 000001A4  8A 5C 3E 01			mov bl, [esi + edi + 1]
 000001A8  3A C3			cmp al, bl
 000001AA  74 35			je gameNotOver
 000001AC  47				inc edi
 000001AD  E2 F2			loop ColLoopH
 000001AF  83 C2 04			add edx, 4
 000001B2  83 FA 10			cmp edx, 16
 000001B5  75 E3			jne rowLoopH

					;checks if vertical merges can be made
 000001B7  BA 00000000			mov edx, 0
 000001BC				colLoopV:
 000001BC  B9 00000003			mov ecx, 3
 000001C1  8B FA			mov edi, edx
 000001C3				rowLoopV:
 000001C3  8A 04 3E			mov al, [esi + edi]
 000001C6  8A 5C 3E 04			mov bl, [esi + edi + 4]
 000001CA  3A C3			cmp al, bl
 000001CC  74 13			je gameNotOver
 000001CE  83 C7 04			add edi, 4
 000001D1  E2 F0			loop rowLoopV
 000001D3  42				inc edx
 000001D4  83 FA 04			cmp edx, 4
 000001D7  75 E3			jne colLoopV

 000001D9				gameOver:
 000001D9  61				popad
 000001DA  BB 00000001			mov ebx, 1
 000001DF  EB 08			jmp back

 000001E1				gameNotOver:
 000001E1  61				popad 
 000001E2  BB 00000000			mov ebx, 0
 000001E7  EB 00			jmp back

 000001E9				back:
 000001E9  C3				ret
 000001EA			checkGameOver endp


 000001EA			getMove proc
 000001EA  60				pushad

 000001EB				getInput:  ;loops until the input is wasd or arrowkeys
 000001EB  33 C0			xor eax, eax
 000001ED  E8 00000000 E		call readchar
 000001F2  3C 77			cmp al, 119
 000001F4  74 0E			je applyUp
 000001F6  3C 61			cmp al, 97
 000001F8  74 25			je applyLeft
 000001FA  3C 73			cmp al, 115
 000001FC  74 28			je applyRight
 000001FE  3C 64			cmp al, 100
 00000200  74 3F			je applyDown
 00000202  EB E7			jmp getInput

 00000204				applyUp:
 00000204  BA 00000003			mov edx, 3
 00000209  E8 000000E4			call rotate
 0000020E  E8 00000046			call moveLeft
 00000213  BA 00000001			mov edx, 1
 00000218  E8 000000D5			call rotate
 0000021D  EB 38			jmp doneMove

 0000021F				applyLeft:
 0000021F  E8 00000035			call moveLeft
 00000224  EB 31			jmp doneMove

 00000226				applyRight:
 00000226  BA 00000001			mov edx, 1
 0000022B  E8 000000C2			call rotate
 00000230  E8 00000024			call moveLeft
 00000235  BA 00000003			mov edx, 3
 0000023A  E8 000000B3			call rotate
 0000023F  EB 16			jmp doneMove

 00000241				applyDown:
 00000241  BA 00000002			mov edx, 2
 00000246  E8 000000A7			call rotate
 0000024B  E8 00000009			call moveLeft
 00000250  E8 0000009D			call rotate
 00000255  EB 00			jmp doneMove

 00000257				doneMove:
 00000257  61				popad
 00000258  C3				ret
 00000259			getMove endp


 00000259			moveLeft proc
 00000259  60				pushad

 0000025A  B9 00000000			mov ecx, 0

 0000025F				rowLoop:
 0000025F  33 D2			xor edx, edx
 00000261  8B D9			mov ebx, ecx
 00000263  C1 E3 02			shl ebx, 2
 00000266  BE 00000000 R		mov esi, offset intGrid
 0000026B  8B FE			mov edi, esi
 0000026D  03 FB			add edi, ebx

 0000026F  33 C0			xor eax, eax
 00000271  BB 00000000			mov ebx, 0

 00000276				firstShift:
 00000276  83 FB 04			cmp ebx, 4
 00000279  7D 0E			jge shiftDOne
 0000027B  8A 04 1F			mov al, [edi + ebx]
 0000027E  3C 00			cmp al, 0
 00000280  74 04			je skipShift
 00000282  88 04 17			mov [edi + edx], al
 00000285  42				inc edx
 00000286				skipShift:
 00000286  43				inc ebx
 00000287  EB ED			jmp firstShift
 00000289				shiftDone:
 00000289  8B DA			mov ebx, edx
 0000028B				fillZero:
 0000028B  83 FB 04			cmp ebx, 4
 0000028E  7D 07			jge doneZero
 00000290  C6 04 1F 00			mov byte ptr [edi + ebx], 0
 00000294  43				inc ebx
 00000295  EB F4			jmp fillZero
 00000297				doneZero:
 00000297  BB 00000000			mov ebx, 0

 0000029C				mergeLoop:
 0000029C  83 FB 03			cmp ebx, 3
 0000029F  7D 1D			jge mergeDone
 000002A1  8A 04 1F			mov al, [edi + ebx]
 000002A4  3C 00			cmp al, 0
 000002A6  74 13			je skipMerge
 000002A8  8A 64 1F 01			mov ah, [edi + ebx + 1]
 000002AC  3A C4			cmp al, ah
 000002AE  75 0B			jne skipMerge
 000002B0  FE C0			inc al
 000002B2  88 04 1F			mov [edi + ebx], al
 000002B5  C6 44 1F 01 00		mov byte ptr [edi + ebx + 1], 0
 000002BA  43				inc ebx
 000002BB				skipMerge:
 000002BB  43				inc ebx
 000002BC  EB DE			jmp mergeLoop
 000002BE				mergeDone:
 000002BE  33 D2			xor edx, edx
 000002C0  BB 00000000			mov ebx, 0

 000002C5				secondShift:
 000002C5  83 FB 04			cmp ebx, 4
 000002C8  7D 0E			jge doneShift2
 000002CA  8A 04 1F			mov al, [edi + ebx]
 000002CD  3C 00			cmp al, 0
 000002CF  74 04			je skipShift2
 000002D1  88 04 17			mov [edi + edx], al
 000002D4  42				inc edx
 000002D5				skipShift2:
 000002D5  43				inc ebx
 000002D6  EB ED			jmp secondShift
 000002D8				doneShift2:
 000002D8  8B DA			mov ebx, edx
 000002DA				fillZero2:
 000002DA  83 FB 04			cmp ebx, 4
 000002DD  7D 07			jge doneRow
 000002DF  C6 04 1F 00			mov byte ptr [edi + ebx], 0
 000002E3  43				inc ebx
 000002E4  EB F4			jmp fillZero2

 000002E6				doneRow:
 000002E6  41				inc ecx
 000002E7  83 F9 04			cmp ecx, 4
 000002EA  0F 8C FFFFFF6F		jl rowLoop

 000002F0  61				popad
 000002F1  C3				ret
 000002F2			moveLeft endp


 000002F2			rotate proc
 000002F2  60				pushad
					;edx will contain the number to indicate which rotation
					;1 is 90 CW, 2 is 180, and 3 is 90 CWW

 000002F3  BE 00000000 R		mov esi, offset intGrid
 000002F8  BF 00000010 R		mov edi, offset tempGrid
 000002FD  B9 00000000			mov ecx, 0

 00000302				rotateLoop:
 00000302  83 F9 10			cmp ecx, 16
 00000305  7D 33			jge doneRotate

 00000307  83 FA 01			cmp edx, 1
 0000030A  74 0C			je rot1
 0000030C  83 FA 02			cmp edx, 2
 0000030F  74 10			je rot2
 00000311  83 FA 03			cmp edx, 3
 00000314  74 14			je rot3
 00000316  EB 35			jmp doneCopy

 00000318				rot1:
 00000318  0F B6 99			movzx ebx, byte ptr [rot90CW + ecx]
	   000000CB R
 0000031F  EB 10			jmp cont

 00000321				rot2:
 00000321  0F B6 99			movzx ebx, byte ptr [rot180 +ecx]
	   000000DB R
 00000328  EB 07			jmp cont

 0000032A				rot3:
 0000032A  0F B6 99			movzx ebx, byte ptr [rot90CCW + ecx]
	   000000EB R
					
 00000331				cont:
 00000331  8A 04 1E			mov al, [esi + ebx]
 00000334  88 04 0F			mov [edi + ecx], al
 00000337				skipMap:
 00000337  41				inc ecx
 00000338  EB C8			jmp rotateLoop
 0000033A				doneRotate:

 0000033A  B9 00000000			mov ecx, 0
 0000033F				copyBack:
 0000033F  83 F9 10			cmp ecx, 16
 00000342  7D 09			jge doneCopy
 00000344  8A 04 0F			mov al, [edi + ecx]
 00000347  88 04 0E			mov [esi + ecx], al
 0000034A  41				inc ecx
 0000034B  EB F2			jmp copyBack

 0000034D				doneCopy:
 0000034D  61				popad
 0000034E  C3				ret
 0000034F			rotate endp


				END main
Microsoft (R) Macro Assembler Version 14.44.35215.0	    12/04/25 14:03:43
main.asm						     Symbols 2 - 1




Structures and Unions:

                N a m e                  Size
                                         Offset      Type

CONSOLE_CURSOR_INFO  . . . . . .	 00000008
  dwSize . . . . . . . . . . . .	 00000000	 DWord
  bVisible . . . . . . . . . . .	 00000004	 DWord
CONSOLE_SCREEN_BUFFER_INFO . . .	 00000016
  dwSize . . . . . . . . . . . .	 00000000	 DWord
  dwCursorPosition . . . . . . .	 00000004	 DWord
  wAttributes  . . . . . . . . .	 00000008	 Word
  srWindow . . . . . . . . . . .	 0000000A	 QWord
  dwMaximumWindowSize  . . . . .	 00000012	 DWord
COORD  . . . . . . . . . . . . .	 00000004
  X  . . . . . . . . . . . . . .	 00000000	 Word
  Y  . . . . . . . . . . . . . .	 00000002	 Word
FILETIME . . . . . . . . . . . .	 00000008
  loDateTime . . . . . . . . . .	 00000000	 DWord
  hiDateTime . . . . . . . . . .	 00000004	 DWord
FOCUS_EVENT_RECORD . . . . . . .	 00000004
  bSetFocus  . . . . . . . . . .	 00000000	 DWord
FPU_ENVIRON  . . . . . . . . . .	 0000001C
  controlWord  . . . . . . . . .	 00000000	 Word
  statusWord . . . . . . . . . .	 00000004	 Word
  tagWord  . . . . . . . . . . .	 00000008	 Word
  instrPointerOffset . . . . . .	 0000000C	 DWord
  instrPointerSelector . . . . .	 00000010	 DWord
  operandPointerOffset . . . . .	 00000014	 DWord
  operandPointerSelector . . . .	 00000018	 Word
INPUT_RECORD . . . . . . . . . .	 00000014
  EventType  . . . . . . . . . .	 00000000	 Word
  Event  . . . . . . . . . . . .	 00000004	 XmmWord
  bKeyDown . . . . . . . . . . .	 00000000	 DWord
  wRepeatCount . . . . . . . . .	 00000004	 Word
  wVirtualKeyCode  . . . . . . .	 00000006	 Word
  wVirtualScanCode . . . . . . .	 00000008	 Word
  uChar  . . . . . . . . . . . .	 0000000A	 Word
  UnicodeChar  . . . . . . . . .	 00000000	 Word
  AsciiChar  . . . . . . . . . .	 00000000	 Byte
  dwControlKeyState  . . . . . .	 0000000C	 DWord
  dwMousePosition  . . . . . . .	 00000000	 DWord
  dwButtonState  . . . . . . . .	 00000004	 DWord
  dwMouseControlKeyState . . . .	 00000008	 DWord
  dwEventFlags . . . . . . . . .	 0000000C	 DWord
  dwSize . . . . . . . . . . . .	 00000000	 DWord
  dwCommandId  . . . . . . . . .	 00000000	 DWord
  bSetFocus  . . . . . . . . . .	 00000000	 DWord
KEY_EVENT_RECORD . . . . . . . .	 00000010
  bKeyDown . . . . . . . . . . .	 00000000	 DWord
  wRepeatCount . . . . . . . . .	 00000004	 Word
  wVirtualKeyCode  . . . . . . .	 00000006	 Word
  wVirtualScanCode . . . . . . .	 00000008	 Word
  uChar  . . . . . . . . . . . .	 0000000A	 Word
  UnicodeChar  . . . . . . . . .	 00000000	 Word
  AsciiChar  . . . . . . . . . .	 00000000	 Byte
  dwControlKeyState  . . . . . .	 0000000C	 DWord
MENU_EVENT_RECORD  . . . . . . .	 00000004
  dwCommandId  . . . . . . . . .	 00000000	 DWord
MOUSE_EVENT_RECORD . . . . . . .	 00000010
  dwMousePosition  . . . . . . .	 00000000	 DWord
  dwButtonState  . . . . . . . .	 00000004	 DWord
  dwMouseControlKeyState . . . .	 00000008	 DWord
  dwEventFlags . . . . . . . . .	 0000000C	 DWord
SMALL_RECT . . . . . . . . . . .	 00000008
  Left . . . . . . . . . . . . .	 00000000	 Word
  Top  . . . . . . . . . . . . .	 00000002	 Word
  Right  . . . . . . . . . . . .	 00000004	 Word
  Bottom . . . . . . . . . . . .	 00000006	 Word
SYSTEMTIME . . . . . . . . . . .	 00000010
  wYear  . . . . . . . . . . . .	 00000000	 Word
  wMonth . . . . . . . . . . . .	 00000002	 Word
  wDayOfWeek . . . . . . . . . .	 00000004	 Word
  wDay . . . . . . . . . . . . .	 00000006	 Word
  wHour  . . . . . . . . . . . .	 00000008	 Word
  wMinute  . . . . . . . . . . .	 0000000A	 Word
  wSecond  . . . . . . . . . . .	 0000000C	 Word
  wMilliseconds  . . . . . . . .	 0000000E	 Word
WINDOW_BUFFER_SIZE_RECORD  . . .	 00000004
  dwSize . . . . . . . . . . . .	 00000000	 DWord


Segments and Groups:

                N a m e                 Size     Length   Align   Combine Class

FLAT . . . . . . . . . . . . . .	GROUP
STACK  . . . . . . . . . . . . .	32 Bit	 00001000 Para	  Stack	  'STACK'	 
_DATA  . . . . . . . . . . . . .	32 Bit	 00000144 Para	  Public  'DATA'	
_TEXT  . . . . . . . . . . . . .	32 Bit	 0000034F Para	  Public  'CODE'	


Procedures, parameters, and locals:

                N a m e                 Type     Value    Attr

CloseFile  . . . . . . . . . . .	P Near	 00000000 FLAT	Length= 00000000 External STDCALL
CloseHandle  . . . . . . . . . .	P Near	 00000000 FLAT	Length= 00000000 External STDCALL
Clrscr . . . . . . . . . . . . .	P Near	 00000000 FLAT	Length= 00000000 External STDCALL
CreateFileA  . . . . . . . . . .	P Near	 00000000 FLAT	Length= 00000000 External STDCALL
CreateOutputFile . . . . . . . .	P Near	 00000000 FLAT	Length= 00000000 External STDCALL
Crlf . . . . . . . . . . . . . .	P Near	 00000000 FLAT	Length= 00000000 External STDCALL
Delay  . . . . . . . . . . . . .	P Near	 00000000 FLAT	Length= 00000000 External STDCALL
DumpMem  . . . . . . . . . . . .	P Near	 00000000 FLAT	Length= 00000000 External STDCALL
DumpRegs . . . . . . . . . . . .	P Near	 00000000 FLAT	Length= 00000000 External STDCALL
ExitProcess  . . . . . . . . . .	P Near	 00000000 FLAT	Length= 00000000 External STDCALL
FileTimeToDosDateTime  . . . . .	P Near	 00000000 FLAT	Length= 00000000 External STDCALL
FileTimeToSystemTime . . . . . .	P Near	 00000000 FLAT	Length= 00000000 External STDCALL
FlushConsoleInputBuffer  . . . .	P Near	 00000000 FLAT	Length= 00000000 External STDCALL
FormatMessageA . . . . . . . . .	P Near	 00000000 FLAT	Length= 00000000 External STDCALL
GetCommandLineA  . . . . . . . .	P Near	 00000000 FLAT	Length= 00000000 External STDCALL
GetCommandTail . . . . . . . . .	P Near	 00000000 FLAT	Length= 00000000 External STDCALL
GetConsoleCP . . . . . . . . . .	P Near	 00000000 FLAT	Length= 00000000 External STDCALL
GetConsoleCursorInfo . . . . . .	P Near	 00000000 FLAT	Length= 00000000 External STDCALL
GetConsoleMode . . . . . . . . .	P Near	 00000000 FLAT	Length= 00000000 External STDCALL
GetConsoleScreenBufferInfo . . .	P Near	 00000000 FLAT	Length= 00000000 External STDCALL
GetDateTime  . . . . . . . . . .	P Near	 00000000 FLAT	Length= 00000000 External STDCALL
GetFileTime  . . . . . . . . . .	P Near	 00000000 FLAT	Length= 00000000 External STDCALL
GetKeyState  . . . . . . . . . .	P Near	 00000000 FLAT	Length= 00000000 External STDCALL
GetLastError . . . . . . . . . .	P Near	 00000000 FLAT	Length= 00000000 External STDCALL
GetLocalTime . . . . . . . . . .	P Near	 00000000 FLAT	Length= 00000000 External STDCALL
GetMaxXY . . . . . . . . . . . .	P Near	 00000000 FLAT	Length= 00000000 External STDCALL
GetMseconds  . . . . . . . . . .	P Near	 00000000 FLAT	Length= 00000000 External STDCALL
GetNumberOfConsoleInputEvents  .	P Near	 00000000 FLAT	Length= 00000000 External STDCALL
GetProcessHeap . . . . . . . . .	P Near	 00000000 FLAT	Length= 00000000 External STDCALL
GetStdHandle . . . . . . . . . .	P Near	 00000000 FLAT	Length= 00000000 External STDCALL
GetSystemTime  . . . . . . . . .	P Near	 00000000 FLAT	Length= 00000000 External STDCALL
GetTextColor . . . . . . . . . .	P Near	 00000000 FLAT	Length= 00000000 External STDCALL
GetTickCount . . . . . . . . . .	P Near	 00000000 FLAT	Length= 00000000 External STDCALL
Gotoxy . . . . . . . . . . . . .	P Near	 00000000 FLAT	Length= 00000000 External STDCALL
HeapAlloc  . . . . . . . . . . .	P Near	 00000000 FLAT	Length= 00000000 External STDCALL
HeapCreate . . . . . . . . . . .	P Near	 00000000 FLAT	Length= 00000000 External STDCALL
HeapDestroy  . . . . . . . . . .	P Near	 00000000 FLAT	Length= 00000000 External STDCALL
HeapFree . . . . . . . . . . . .	P Near	 00000000 FLAT	Length= 00000000 External STDCALL
HeapSize . . . . . . . . . . . .	P Near	 00000000 FLAT	Length= 00000000 External STDCALL
IsDigit  . . . . . . . . . . . .	P Near	 00000000 FLAT	Length= 00000000 External STDCALL
LocalFree  . . . . . . . . . . .	P Near	 00000000 FLAT	Length= 00000000 External STDCALL
MessageBoxA  . . . . . . . . . .	P Near	 00000000 FLAT	Length= 00000000 External STDCALL
MsgBoxAsk  . . . . . . . . . . .	P Near	 00000000 FLAT	Length= 00000000 External STDCALL
MsgBox . . . . . . . . . . . . .	P Near	 00000000 FLAT	Length= 00000000 External STDCALL
OpenInputFile  . . . . . . . . .	P Near	 00000000 FLAT	Length= 00000000 External STDCALL
ParseDecimal32 . . . . . . . . .	P Near	 00000000 FLAT	Length= 00000000 External STDCALL
ParseInteger32 . . . . . . . . .	P Near	 00000000 FLAT	Length= 00000000 External STDCALL
PeekConsoleInputA  . . . . . . .	P Near	 00000000 FLAT	Length= 00000000 External STDCALL
Random32 . . . . . . . . . . . .	P Near	 00000000 FLAT	Length= 00000000 External STDCALL
RandomRange  . . . . . . . . . .	P Near	 00000000 FLAT	Length= 00000000 External STDCALL
Randomize  . . . . . . . . . . .	P Near	 00000000 FLAT	Length= 00000000 External STDCALL
ReadChar . . . . . . . . . . . .	P Near	 00000000 FLAT	Length= 00000000 External STDCALL
ReadConsoleA . . . . . . . . . .	P Near	 00000000 FLAT	Length= 00000000 External STDCALL
ReadConsoleInputA  . . . . . . .	P Near	 00000000 FLAT	Length= 00000000 External STDCALL
ReadDec  . . . . . . . . . . . .	P Near	 00000000 FLAT	Length= 00000000 External STDCALL
ReadFile . . . . . . . . . . . .	P Near	 00000000 FLAT	Length= 00000000 External STDCALL
ReadFloat  . . . . . . . . . . .	P Near	 00000000 FLAT	Length= 00000000 External STDCALL
ReadFromFile . . . . . . . . . .	P Near	 00000000 FLAT	Length= 00000000 External STDCALL
ReadHex  . . . . . . . . . . . .	P Near	 00000000 FLAT	Length= 00000000 External STDCALL
ReadInt  . . . . . . . . . . . .	P Near	 00000000 FLAT	Length= 00000000 External STDCALL
ReadKeyFlush . . . . . . . . . .	P Near	 00000000 FLAT	Length= 00000000 External STDCALL
ReadKey  . . . . . . . . . . . .	P Near	 00000000 FLAT	Length= 00000000 External STDCALL
ReadString . . . . . . . . . . .	P Near	 00000000 FLAT	Length= 00000000 External STDCALL
SetConsoleCursorInfo . . . . . .	P Near	 00000000 FLAT	Length= 00000000 External STDCALL
SetConsoleCursorPosition . . . .	P Near	 00000000 FLAT	Length= 00000000 External STDCALL
SetConsoleMode . . . . . . . . .	P Near	 00000000 FLAT	Length= 00000000 External STDCALL
SetConsoleScreenBufferSize . . .	P Near	 00000000 FLAT	Length= 00000000 External STDCALL
SetConsoleTextAttribute  . . . .	P Near	 00000000 FLAT	Length= 00000000 External STDCALL
SetConsoleTitleA . . . . . . . .	P Near	 00000000 FLAT	Length= 00000000 External STDCALL
SetConsoleWindowInfo . . . . . .	P Near	 00000000 FLAT	Length= 00000000 External STDCALL
SetFilePointer . . . . . . . . .	P Near	 00000000 FLAT	Length= 00000000 External STDCALL
SetLocalTime . . . . . . . . . .	P Near	 00000000 FLAT	Length= 00000000 External STDCALL
SetTextColor . . . . . . . . . .	P Near	 00000000 FLAT	Length= 00000000 External STDCALL
ShowFPUStack . . . . . . . . . .	P Near	 00000000 FLAT	Length= 00000000 External STDCALL
Sleep  . . . . . . . . . . . . .	P Near	 00000000 FLAT	Length= 00000000 External STDCALL
StrLength  . . . . . . . . . . .	P Near	 00000000 FLAT	Length= 00000000 External STDCALL
Str_compare  . . . . . . . . . .	P Near	 00000000 FLAT	Length= 00000000 External STDCALL
Str_copy . . . . . . . . . . . .	P Near	 00000000 FLAT	Length= 00000000 External STDCALL
Str_length . . . . . . . . . . .	P Near	 00000000 FLAT	Length= 00000000 External STDCALL
Str_trim . . . . . . . . . . . .	P Near	 00000000 FLAT	Length= 00000000 External STDCALL
Str_ucase  . . . . . . . . . . .	P Near	 00000000 FLAT	Length= 00000000 External STDCALL
SystemTimeToFileTime . . . . . .	P Near	 00000000 FLAT	Length= 00000000 External STDCALL
WaitMsg  . . . . . . . . . . . .	P Near	 00000000 FLAT	Length= 00000000 External STDCALL
WriteBinB  . . . . . . . . . . .	P Near	 00000000 FLAT	Length= 00000000 External STDCALL
WriteBin . . . . . . . . . . . .	P Near	 00000000 FLAT	Length= 00000000 External STDCALL
WriteChar  . . . . . . . . . . .	P Near	 00000000 FLAT	Length= 00000000 External STDCALL
WriteConsoleA  . . . . . . . . .	P Near	 00000000 FLAT	Length= 00000000 External STDCALL
WriteConsoleOutputAttribute  . .	P Near	 00000000 FLAT	Length= 00000000 External STDCALL
WriteConsoleOutputCharacterA . .	P Near	 00000000 FLAT	Length= 00000000 External STDCALL
WriteDec . . . . . . . . . . . .	P Near	 00000000 FLAT	Length= 00000000 External STDCALL
WriteFile  . . . . . . . . . . .	P Near	 00000000 FLAT	Length= 00000000 External STDCALL
WriteFloat . . . . . . . . . . .	P Near	 00000000 FLAT	Length= 00000000 External STDCALL
WriteHexB  . . . . . . . . . . .	P Near	 00000000 FLAT	Length= 00000000 External STDCALL
WriteHex . . . . . . . . . . . .	P Near	 00000000 FLAT	Length= 00000000 External STDCALL
WriteInt . . . . . . . . . . . .	P Near	 00000000 FLAT	Length= 00000000 External STDCALL
WriteStackFrameName  . . . . . .	P Near	 00000000 FLAT	Length= 00000000 External STDCALL
WriteStackFrame  . . . . . . . .	P Near	 00000000 FLAT	Length= 00000000 External STDCALL
WriteString  . . . . . . . . . .	P Near	 00000000 FLAT	Length= 00000000 External STDCALL
WriteToFile  . . . . . . . . . .	P Near	 00000000 FLAT	Length= 00000000 External STDCALL
WriteWindowsMsg  . . . . . . . .	P Near	 00000000 FLAT	Length= 00000000 External STDCALL
checkGameOver  . . . . . . . . .	P Near	 0000017E _TEXT	Length= 0000006C Public STDCALL
  checkEmpty . . . . . . . . . .	L Near	 0000018B _TEXT	
  rowLoopH . . . . . . . . . . .	L Near	 0000019A _TEXT	
  colLoopH . . . . . . . . . . .	L Near	 000001A1 _TEXT	
  colLoopV . . . . . . . . . . .	L Near	 000001BC _TEXT	
  rowLoopV . . . . . . . . . . .	L Near	 000001C3 _TEXT	
  gameOver . . . . . . . . . . .	L Near	 000001D9 _TEXT	
  gameNotOver  . . . . . . . . .	L Near	 000001E1 _TEXT	
  back . . . . . . . . . . . . .	L Near	 000001E9 _TEXT	
clearGrid  . . . . . . . . . . .	P Near	 00000054 _TEXT	Length= 0000001D Public STDCALL
  clearCell  . . . . . . . . . .	L Near	 00000069 _TEXT	
getMove  . . . . . . . . . . . .	P Near	 000001EA _TEXT	Length= 0000006F Public STDCALL
  getInput . . . . . . . . . . .	L Near	 000001EB _TEXT	
  applyUp  . . . . . . . . . . .	L Near	 00000204 _TEXT	
  applyLeft  . . . . . . . . . .	L Near	 0000021F _TEXT	
  applyRight . . . . . . . . . .	L Near	 00000226 _TEXT	
  applyDown  . . . . . . . . . .	L Near	 00000241 _TEXT	
  doneMove . . . . . . . . . . .	L Near	 00000257 _TEXT	
main . . . . . . . . . . . . . .	P Near	 00000000 _TEXT	Length= 00000054 Public STDCALL
  restart  . . . . . . . . . . .	L Near	 00000005 _TEXT	
  gameLoop . . . . . . . . . . .	L Near	 0000000A _TEXT	
  gameLost . . . . . . . . . . .	L Near	 00000027 _TEXT	
  restartLoop  . . . . . . . . .	L Near	 00000042 _TEXT	
  endprogram . . . . . . . . . .	L Near	 0000004D _TEXT	
moveLeft . . . . . . . . . . . .	P Near	 00000259 _TEXT	Length= 00000099 Public STDCALL
  rowLoop  . . . . . . . . . . .	L Near	 0000025F _TEXT	
  firstShift . . . . . . . . . .	L Near	 00000276 _TEXT	
  skipShift  . . . . . . . . . .	L Near	 00000286 _TEXT	
  shiftDone  . . . . . . . . . .	L Near	 00000289 _TEXT	
  fillZero . . . . . . . . . . .	L Near	 0000028B _TEXT	
  doneZero . . . . . . . . . . .	L Near	 00000297 _TEXT	
  mergeLoop  . . . . . . . . . .	L Near	 0000029C _TEXT	
  skipMerge  . . . . . . . . . .	L Near	 000002BB _TEXT	
  mergeDone  . . . . . . . . . .	L Near	 000002BE _TEXT	
  secondShift  . . . . . . . . .	L Near	 000002C5 _TEXT	
  skipShift2 . . . . . . . . . .	L Near	 000002D5 _TEXT	
  doneShift2 . . . . . . . . . .	L Near	 000002D8 _TEXT	
  fillZero2  . . . . . . . . . .	L Near	 000002DA _TEXT	
  doneRow  . . . . . . . . . . .	L Near	 000002E6 _TEXT	
newTile  . . . . . . . . . . . .	P Near	 00000071 _TEXT	Length= 00000069 Public STDCALL
  countEmpty . . . . . . . . . .	L Near	 00000080 _TEXT	
  notEmpty . . . . . . . . . . .	L Near	 00000088 _TEXT	
  findEmpty  . . . . . . . . . .	L Near	 0000009D _TEXT	
  skipCell . . . . . . . . . . .	L Near	 000000AA _TEXT	
  placeTile  . . . . . . . . . .	L Near	 000000AD _TEXT	
  makeFour . . . . . . . . . . .	L Near	 000000C0 _TEXT	
  storeTile  . . . . . . . . . .	L Near	 000000C2 _TEXT	
  boardFull  . . . . . . . . . .	L Near	 000000D3 _TEXT	
  done . . . . . . . . . . . . .	L Near	 000000D9 _TEXT	
printGrid  . . . . . . . . . . .	P Near	 000000DA _TEXT	Length= 000000A4 Public STDCALL
  printRow . . . . . . . . . . .	L Near	 000000F3 _TEXT	
  printCell  . . . . . . . . . .	L Near	 00000110 _TEXT	
printf . . . . . . . . . . . . .	P Near	 00000000 FLAT	Length= 00000000 External C
rotate . . . . . . . . . . . . .	P Near	 000002F2 _TEXT	Length= 0000005D Public STDCALL
  rotateLoop . . . . . . . . . .	L Near	 00000302 _TEXT	
  rot1 . . . . . . . . . . . . .	L Near	 00000318 _TEXT	
  rot2 . . . . . . . . . . . . .	L Near	 00000321 _TEXT	
  rot3 . . . . . . . . . . . . .	L Near	 0000032A _TEXT	
  cont . . . . . . . . . . . . .	L Near	 00000331 _TEXT	
  skipMap  . . . . . . . . . . .	L Near	 00000337 _TEXT	
  doneRotate . . . . . . . . . .	L Near	 0000033A _TEXT	
  copyBack . . . . . . . . . . .	L Near	 0000033F _TEXT	
  doneCopy . . . . . . . . . . .	L Near	 0000034D _TEXT	
scanf  . . . . . . . . . . . . .	P Near	 00000000 FLAT	Length= 00000000 External C
wsprintfA  . . . . . . . . . . .	P Near	 00000000 FLAT	Length= 00000000 External C


Symbols:

                N a m e                 Type     Value    Attr

@CodeSize  . . . . . . . . . . .	Number	 00000000h   
@DataSize  . . . . . . . . . . .	Number	 00000000h   
@Interface . . . . . . . . . . .	Number	 00000003h   
@Model . . . . . . . . . . . . .	Number	 00000007h   
@code  . . . . . . . . . . . . .	Text   	 _TEXT
@data  . . . . . . . . . . . . .	Text   	 FLAT
@fardata?  . . . . . . . . . . .	Text   	 FLAT
@fardata . . . . . . . . . . . .	Text   	 FLAT
@stack . . . . . . . . . . . . .	Text   	 FLAT
ALT_MASK . . . . . . . . . . . .	Number	 00000003h   
CAPSLOCK_ON  . . . . . . . . . .	Number	 00000080h   
CREATE_ALWAYS  . . . . . . . . .	Number	 00000002h   
CREATE_NEW . . . . . . . . . . .	Number	 00000001h   
CTRL_MASK  . . . . . . . . . . .	Number	 0000000Ch   
CreateFile . . . . . . . . . . .	Text   	 CreateFileA
DO_NOT_SHARE . . . . . . . . . .	Number	 00000000h   
ENABLE_ECHO_INPUT  . . . . . . .	Number	 00000004h   
ENABLE_LINE_INPUT  . . . . . . .	Number	 00000002h   
ENABLE_MOUSE_INPUT . . . . . . .	Number	 00000010h   
ENABLE_PROCESSED_INPUT . . . . .	Number	 00000001h   
ENABLE_PROCESSED_OUTPUT  . . . .	Number	 00000001h   
ENABLE_WINDOW_INPUT  . . . . . .	Number	 00000008h   
ENABLE_WRAP_AT_EOL_OUTPUT  . . .	Number	 00000002h   
ENHANCED_KEY . . . . . . . . . .	Number	 00000100h   
FALSE  . . . . . . . . . . . . .	Number	 00000000h   
FILE_APPEND_DATA . . . . . . . .	Number	 00000004h   
FILE_ATTRIBUTE_ARCHIVE . . . . .	Number	 00000020h   
FILE_ATTRIBUTE_COMPRESSED  . . .	Number	 00000800h   
FILE_ATTRIBUTE_DEVICE  . . . . .	Number	 00000040h   
FILE_ATTRIBUTE_DIRECTORY . . . .	Number	 00000010h   
FILE_ATTRIBUTE_ENCRYPTED . . . .	Number	 00004000h   
FILE_ATTRIBUTE_HIDDEN  . . . . .	Number	 00000002h   
FILE_ATTRIBUTE_NORMAL  . . . . .	Number	 00000080h   
FILE_ATTRIBUTE_NOT_CONTENT_INDEXED .	Number	 00002000h   
FILE_ATTRIBUTE_OFFLINE . . . . .	Number	 00001000h   
FILE_ATTRIBUTE_READONLY  . . . .	Number	 00000001h   
FILE_ATTRIBUTE_REPARSE_POINT . .	Number	 00000400h   
FILE_ATTRIBUTE_SPARSE_FILE . . .	Number	 00000200h   
FILE_ATTRIBUTE_SYSTEM  . . . . .	Number	 00000004h   
FILE_ATTRIBUTE_TEMPORARY . . . .	Number	 00000100h   
FILE_BEGIN . . . . . . . . . . .	Number	 00000000h   
FILE_CURRENT . . . . . . . . . .	Number	 00000001h   
FILE_DELETE_CHILD  . . . . . . .	Number	 00000040h   
FILE_END . . . . . . . . . . . .	Number	 00000002h   
FILE_READ_DATA . . . . . . . . .	Number	 00000001h   
FILE_SHARE_DELETE  . . . . . . .	Number	 00000004h   
FILE_SHARE_READ  . . . . . . . .	Number	 00000001h   
FILE_SHARE_WRITE . . . . . . . .	Number	 00000002h   
FILE_WRITE_DATA  . . . . . . . .	Number	 00000002h   
FOCUS_EVENT  . . . . . . . . . .	Number	 00000010h   
FORMAT_MESSAGE_ALLOCATE_BUFFER .	Number	 00000100h   
FORMAT_MESSAGE_FROM_SYSTEM . . .	Number	 00001000h   
FormatMessage  . . . . . . . . .	Text   	 FormatMessageA
GENERIC_ALL  . . . . . . . . . .	Number	 10000000h   
GENERIC_EXECUTE  . . . . . . . .	Number	 20000000h   
GENERIC_READ . . . . . . . . . .	Number	 -80000000h   
GENERIC_WRITE  . . . . . . . . .	Number	 40000000h   
GetCommandLine . . . . . . . . .	Text   	 GetCommandLineA
HANDLE . . . . . . . . . . . . .	Text   	 DWORD
HEAP_GENERATE_EXCEPTIONS . . . .	Number	 00000004h   
HEAP_GROWABLE  . . . . . . . . .	Number	 00000002h   
HEAP_NO_SERIALIZE  . . . . . . .	Number	 00000001h   
HEAP_REALLOC_IN_PLACE_ONLY . . .	Number	 00000010h   
HEAP_ZERO_MEMORY . . . . . . . .	Number	 00000008h   
IDABORT  . . . . . . . . . . . .	Number	 00000003h   
IDCANCEL . . . . . . . . . . . .	Number	 00000002h   
IDCLOSE  . . . . . . . . . . . .	Number	 00000008h   
IDCONTINUE . . . . . . . . . . .	Number	 0000000Bh   
IDHELP . . . . . . . . . . . . .	Number	 00000009h   
IDIGNORE . . . . . . . . . . . .	Number	 00000005h   
IDNO . . . . . . . . . . . . . .	Number	 00000007h   
IDOK . . . . . . . . . . . . . .	Number	 00000001h   
IDRETRY  . . . . . . . . . . . .	Number	 00000004h   
IDTIMEOUT  . . . . . . . . . . .	Number	 00007D00h   
IDTRYAGAIN . . . . . . . . . . .	Number	 0000000Ah   
IDYES  . . . . . . . . . . . . .	Number	 00000006h   
INVALID_HANDLE_VALUE . . . . . .	Number	 -00000001h   
KBDOWN_FLAG  . . . . . . . . . .	Number	 00000001h   
KEY_EVENT  . . . . . . . . . . .	Number	 00000001h   
KEY_MASKS  . . . . . . . . . . .	Number	 0000001Fh   
LEFT_ALT_PRESSED . . . . . . . .	Number	 00000002h   
LEFT_CTRL_PRESSED  . . . . . . .	Number	 00000008h   
MB_ABORTRETRYIGNORE  . . . . . .	Number	 00000002h   
MB_APPLMODAL . . . . . . . . . .	Number	 00000000h   
MB_CANCELTRYCONTINUE . . . . . .	Number	 00000006h   
MB_DEFBUTTON1  . . . . . . . . .	Number	 00000000h   
MB_DEFBUTTON2  . . . . . . . . .	Number	 00000100h   
MB_DEFBUTTON3  . . . . . . . . .	Number	 00000200h   
MB_DEFBUTTON4  . . . . . . . . .	Number	 00000300h   
MB_HELP  . . . . . . . . . . . .	Number	 00004000h   
MB_ICONASTERISK  . . . . . . . .	Number	 00000040h   
MB_ICONERROR . . . . . . . . . .	Number	 00000010h   
MB_ICONEXCLAMATION . . . . . . .	Number	 00000030h   
MB_ICONHAND  . . . . . . . . . .	Number	 00000010h   
MB_ICONINFORMATION . . . . . . .	Number	 00000040h   
MB_ICONQUESTION  . . . . . . . .	Number	 00000020h   
MB_ICONSTOP  . . . . . . . . . .	Number	 00000010h   
MB_ICONWARNING . . . . . . . . .	Number	 00000030h   
MB_OKCANCEL  . . . . . . . . . .	Number	 00000001h   
MB_OK  . . . . . . . . . . . . .	Number	 00000000h   
MB_RETRYCANCEL . . . . . . . . .	Number	 00000005h   
MB_SYSTEMMODAL . . . . . . . . .	Number	 00001000h   
MB_TASKMODAL . . . . . . . . . .	Number	 00002000h   
MB_USERICON  . . . . . . . . . .	Number	 00000080h   
MB_YESNOCANCEL . . . . . . . . .	Number	 00000003h   
MB_YESNO . . . . . . . . . . . .	Number	 00000004h   
MENU_EVENT . . . . . . . . . . .	Number	 00000008h   
MOUSE_EVENT  . . . . . . . . . .	Number	 00000002h   
MessageBox . . . . . . . . . . .	Text   	 MessageBoxA
NULL . . . . . . . . . . . . . .	Number	 00000000h   
NUMLOCK_ON . . . . . . . . . . .	Number	 00000020h   
OPEN_ALWAYS  . . . . . . . . . .	Number	 00000004h   
OPEN_EXISTING  . . . . . . . . .	Number	 00000003h   
PeekConsoleInput . . . . . . . .	Text   	 PeekConsoleInputA
RIGHT_ALT_PRESSED  . . . . . . .	Number	 00000001h   
RIGHT_CTRL_PRESSED . . . . . . .	Number	 00000004h   
ReadConsoleInput . . . . . . . .	Text   	 ReadConsoleInputA
ReadConsole  . . . . . . . . . .	Text   	 ReadConsoleA
SCROLLLOCK_ON  . . . . . . . . .	Number	 00000040h   
SHIFT_MASK . . . . . . . . . . .	Number	 00000010h   
SHIFT_PRESSED  . . . . . . . . .	Number	 00000010h   
STD_ERROR_HANDLE . . . . . . . .	Number	 -0000000Ch   
STD_INPUT_HANDLE . . . . . . . .	Number	 -0000000Ah   
STD_OUTPUT_HANDLE  . . . . . . .	Number	 -0000000Bh   
SetConsoleTitle  . . . . . . . .	Text   	 SetConsoleTitleA
TAB  . . . . . . . . . . . . . .	Number	 00000009h   
TRUE . . . . . . . . . . . . . .	Number	 00000001h   
TRUNCATE_EXISTING  . . . . . . .	Number	 00000005h   
VK_11  . . . . . . . . . . . . .	Number	 000000BDh   
VK_12  . . . . . . . . . . . . .	Number	 000000BBh   
VK_ADD . . . . . . . . . . . . .	Number	 0000006Bh   
VK_BACK  . . . . . . . . . . . .	Number	 00000008h   
VK_CANCEL  . . . . . . . . . . .	Number	 00000003h   
VK_CAPITAL . . . . . . . . . . .	Number	 00000014h   
VK_CLEAR . . . . . . . . . . . .	Number	 0000000Ch   
VK_CONTROL . . . . . . . . . . .	Number	 00000011h   
VK_DECIMAL . . . . . . . . . . .	Number	 0000006Eh   
VK_DELETE  . . . . . . . . . . .	Number	 0000002Eh   
VK_DIVIDE  . . . . . . . . . . .	Number	 0000006Fh   
VK_DOWN  . . . . . . . . . . . .	Number	 00000028h   
VK_END . . . . . . . . . . . . .	Number	 00000023h   
VK_ESCAPE  . . . . . . . . . . .	Number	 0000001Bh   
VK_EXECUTE . . . . . . . . . . .	Number	 0000002Bh   
VK_F10 . . . . . . . . . . . . .	Number	 00000079h   
VK_F11 . . . . . . . . . . . . .	Number	 0000007Ah   
VK_F12 . . . . . . . . . . . . .	Number	 0000007Bh   
VK_F13 . . . . . . . . . . . . .	Number	 0000007Ch   
VK_F14 . . . . . . . . . . . . .	Number	 0000007Dh   
VK_F15 . . . . . . . . . . . . .	Number	 0000007Eh   
VK_F16 . . . . . . . . . . . . .	Number	 0000007Fh   
VK_F17 . . . . . . . . . . . . .	Number	 00000080h   
VK_F18 . . . . . . . . . . . . .	Number	 00000081h   
VK_F19 . . . . . . . . . . . . .	Number	 00000082h   
VK_F1  . . . . . . . . . . . . .	Number	 00000070h   
VK_F20 . . . . . . . . . . . . .	Number	 00000083h   
VK_F21 . . . . . . . . . . . . .	Number	 00000084h   
VK_F22 . . . . . . . . . . . . .	Number	 00000085h   
VK_F23 . . . . . . . . . . . . .	Number	 00000086h   
VK_F24 . . . . . . . . . . . . .	Number	 00000087h   
VK_F2  . . . . . . . . . . . . .	Number	 00000071h   
VK_F3  . . . . . . . . . . . . .	Number	 00000072h   
VK_F4  . . . . . . . . . . . . .	Number	 00000073h   
VK_F5  . . . . . . . . . . . . .	Number	 00000074h   
VK_F6  . . . . . . . . . . . . .	Number	 00000075h   
VK_F7  . . . . . . . . . . . . .	Number	 00000076h   
VK_F8  . . . . . . . . . . . . .	Number	 00000077h   
VK_F9  . . . . . . . . . . . . .	Number	 00000078h   
VK_HELP  . . . . . . . . . . . .	Number	 0000002Fh   
VK_HOME  . . . . . . . . . . . .	Number	 00000024h   
VK_INSERT  . . . . . . . . . . .	Number	 0000002Dh   
VK_LBUTTON . . . . . . . . . . .	Number	 00000001h   
VK_LCONTROL  . . . . . . . . . .	Number	 000000A2h   
VK_LEFT  . . . . . . . . . . . .	Number	 00000025h   
VK_LMENU . . . . . . . . . . . .	Number	 000000A4h   
VK_LSHIFT  . . . . . . . . . . .	Number	 000000A0h   
VK_MENU  . . . . . . . . . . . .	Number	 00000012h   
VK_MULTIPLY  . . . . . . . . . .	Number	 0000006Ah   
VK_NEXT  . . . . . . . . . . . .	Number	 00000022h   
VK_NUMLOCK . . . . . . . . . . .	Number	 00000090h   
VK_NUMPAD0 . . . . . . . . . . .	Number	 00000060h   
VK_NUMPAD1 . . . . . . . . . . .	Number	 00000061h   
VK_NUMPAD2 . . . . . . . . . . .	Number	 00000062h   
VK_NUMPAD3 . . . . . . . . . . .	Number	 00000063h   
VK_NUMPAD4 . . . . . . . . . . .	Number	 00000064h   
VK_NUMPAD5 . . . . . . . . . . .	Number	 00000065h   
VK_NUMPAD6 . . . . . . . . . . .	Number	 00000066h   
VK_NUMPAD7 . . . . . . . . . . .	Number	 00000067h   
VK_NUMPAD8 . . . . . . . . . . .	Number	 00000068h   
VK_NUMPAD9 . . . . . . . . . . .	Number	 00000069h   
VK_PAUSE . . . . . . . . . . . .	Number	 00000013h   
VK_PRINT . . . . . . . . . . . .	Number	 0000002Ah   
VK_PRIOR . . . . . . . . . . . .	Number	 00000021h   
VK_RBUTTON . . . . . . . . . . .	Number	 00000002h   
VK_RCONTROL  . . . . . . . . . .	Number	 000000A3h   
VK_RETURN  . . . . . . . . . . .	Number	 0000000Dh   
VK_RIGHT . . . . . . . . . . . .	Number	 00000027h   
VK_RMENU . . . . . . . . . . . .	Number	 000000A5h   
VK_RSHIFT  . . . . . . . . . . .	Number	 000000A1h   
VK_SCROLL  . . . . . . . . . . .	Number	 00000091h   
VK_SEPARATER . . . . . . . . . .	Number	 0000006Ch   
VK_SHIFT . . . . . . . . . . . .	Number	 00000010h   
VK_SNAPSHOT  . . . . . . . . . .	Number	 0000002Ch   
VK_SPACE . . . . . . . . . . . .	Number	 00000020h   
VK_SUBTRACT  . . . . . . . . . .	Number	 0000006Dh   
VK_TAB . . . . . . . . . . . . .	Number	 00000009h   
VK_UP  . . . . . . . . . . . . .	Number	 00000026h   
WINDOW_BUFFER_SIZE_EVENT . . . .	Number	 00000004h   
WriteConsoleOutputCharacter  . .	Text   	 WriteConsoleOutputCharacterA
WriteConsole . . . . . . . . . .	Text   	 WriteConsoleA
black  . . . . . . . . . . . . .	Number	 00000000h   
blue . . . . . . . . . . . . . .	Number	 00000001h   
brown  . . . . . . . . . . . . .	Number	 00000006h   
cyan . . . . . . . . . . . . . .	Number	 00000003h   
endCol . . . . . . . . . . . . .	Byte	 000000CA _DATA	
endRow . . . . . . . . . . . . .	Byte	 000000C9 _DATA	
exit . . . . . . . . . . . . . .	Text   	 INVOKE ExitProcess,0
gray . . . . . . . . . . . . . .	Number	 00000008h   
green  . . . . . . . . . . . . .	Number	 00000002h   
horLine  . . . . . . . . . . . .	Byte	 00000095 _DATA	
intGrid  . . . . . . . . . . . .	Byte	 00000000 _DATA	
lightBlue  . . . . . . . . . . .	Number	 00000009h   
lightCyan  . . . . . . . . . . .	Number	 0000000Bh   
lightGray  . . . . . . . . . . .	Number	 00000007h   
lightGreen . . . . . . . . . . .	Number	 0000000Ah   
lightMagenta . . . . . . . . . .	Number	 0000000Dh   
lightRed . . . . . . . . . . . .	Number	 0000000Ch   
lostMsg  . . . . . . . . . . . .	Byte	 000000FB _DATA	
magenta  . . . . . . . . . . . .	Number	 00000005h   
red  . . . . . . . . . . . . . .	Number	 00000004h   
rot180 . . . . . . . . . . . . .	Byte	 000000DB _DATA	
rot90CCW . . . . . . . . . . . .	Byte	 000000EB _DATA	
rot90CW  . . . . . . . . . . . .	Byte	 000000CB _DATA	
scoreCol . . . . . . . . . . . .	Byte	 000000C6 _DATA	
scoreMsg . . . . . . . . . . . .	Byte	 000000BD _DATA	
scoreRow . . . . . . . . . . . .	Byte	 000000C5 _DATA	
score  . . . . . . . . . . . . .	DWord	 000000B9 _DATA	
startCol . . . . . . . . . . . .	Byte	 000000C8 _DATA	
startRow . . . . . . . . . . . .	Byte	 000000C7 _DATA	
strRep . . . . . . . . . . . . .	Byte	 00000020 _DATA	
tempGrid . . . . . . . . . . . .	Byte	 00000010 _DATA	
verLine  . . . . . . . . . . . .	Byte	 000000B7 _DATA	
white  . . . . . . . . . . . . .	Number	 0000000Fh   
wsprintf . . . . . . . . . . . .	Text   	 wsprintfA
yellow . . . . . . . . . . . . .	Number	 0000000Eh   

	   0 Warnings
	   0 Errors
