Microsoft (R) Macro Assembler Version 14.44.35215.0	    12/04/25 13:35:01
main.asm						     Page 1 - 1


				INCLUDE Irvine32.inc
			      C ; Include file for Irvine32.lib             (Irvine32.inc)
			      C 
			      C ;OPTION CASEMAP:NONE		; optional: make identifiers case-sensitive
			      C 
			      C INCLUDE SmallWin.inc		; MS-Windows prototypes, structures, and constants
			      C .NOLIST
			      C .LIST
			      C 
			      C INCLUDE VirtualKeys.inc
			      C ; VirtualKeys.inc
			      C .NOLIST
			      C .LIST
			      C 
			      C 
			      C .NOLIST
			      C .LIST
			      C 

 00000000			.data
 00000000  00000010 [		intGrid byte 16 dup(0)
	    00
	   ]
 00000010  00000010 [		tempGrid byte 16 dup(0)
	    00
	   ]
 00000020 7C 20 20 20 20	strRep byte "|       ",0,
	   20 20 20 00 7C
	   20 20 20 32 20
	   20 20 00 7C 20
	   20 20 34 20 20
	   20 00 7C 20 20
	   20 38 20 20 20
	   00 7C 20 20 20
	   31 36 20 20 00
	   7C 20 20 20 33
	   32 20 20 00 7C
	   20 20 20 36 34
	   20 20 00 7C 20
	   20 31 32 38 20
	   20 00 7C 20 20
	   32 35 36 20 20
	   00 7C 20 20 35
	   31 32 20 20 00
	   7C 20 20 31 30
	   32 34 20 00 7C
	   20 20 32 30 34
	   38 20 00 7C 20
	   20 34 30 39 36
	   20 00
							"|   2   ",0,
							"|   4   ",0,
							"|   8   ",0,
							"|   16  ",0,
							"|   32  ",0,
							"|   64  ",0,
							"|  128  ",0,
							"|  256  ",0,
							"|  512  ",0,
							"|  1024 ",0,
							"|  2048 ",0,
							"|  4096 ",0

 00000095 2B 2D 2D 2D 2D	horLine byte "+-------+-------+-------+-------+",0
	   2D 2D 2D 2B 2D
	   2D 2D 2D 2D 2D
	   2D 2B 2D 2D 2D
	   2D 2D 2D 2D 2B
	   2D 2D 2D 2D 2D
	   2D 2D 2B 00
 000000B7 7C 00			verLine byte "|",0
 000000B9 05			startRow byte 5
 000000BA 28			startCol byte 40
 000000BB 0C 08 04 00 0D	rot90CW byte 12,8,4,0,13,9,5,1,14,10,6,2,15,11,7,3
	   09 05 01 0E 0A
	   06 02 0F 0B 07
	   03
 000000CB 0F 0E 0D 0C 0B	rot180 byte 15,14,13,12,11,10,9,8,7,6,5,4,3,2,1,0
	   0A 09 08 07 06
	   05 04 03 02 01
	   00
 000000DB 03 07 0B 0F 02	rot90CCW byte 3,7,11,15,2,6,10,14,1,5,9,13,0,4,8,12
	   06 0A 0E 01 05
	   09 0D 00 04 08
	   0C
 000000EB 53 6F 72 72 79	lostMsg byte "Sorry, you ran out of moves. You lost."
	   2C 20 79 6F 75
	   20 72 61 6E 20
	   6F 75 74 20 6F
	   66 20 6D 6F 76
	   65 73 2E 20 59
	   6F 75 20 6C 6F
	   73 74 2E

				;    +-------+-------+-------+-------+
				;    |   0   |   0   |  2048 |   0   |
				;    +-------+-------+-------+-------+
				;    |   0   |   16  |   0   |   0   |
				;    +-------+-------+-------+-------+
				;    |   0   |   0   |   0   |   0   |
				;    +-------+-------+-------+-------+
				;    |   0   |   0   |   0   |   0   |
				;    +-------+-------+-------+-------+


 00000000			.code
 00000000			main PROC
 00000000  E8 00000000 E		call Randomize
 00000005				gameLoop:
 00000005  E8 00000034			call newTile
 0000000A  E8 0000008D			call printGrid
 0000000F  33 DB			xor ebx, ebx
 00000011  E8 00000105			call checkGameOver
 00000016  83 FB 01			cmp ebx, 1
 00000019  74 07			je gameLost
 0000001B  E8 00000167			call getMove
 00000020  EB E3			jmp gameLoop

 00000022				gameLost:
 00000022  FE C6			inc dh
 00000024  FE C6			inc dh
 00000026  E8 00000000 E		call gotoxy
 0000002B  52				push edx
 0000002C  BA 000000EB R		mov edx, offset lostMsg
 00000031  E8 00000000 E		call writestring
 00000036  5A				pop edx

 00000037				endprogram:
					exit
 00000037  6A 00	   *	    push   +000000000h
 00000039  E8 00000000 E   *	    call   ExitProcess
 0000003E			main ENDP


 0000003E			newTile proc
 0000003E  60				pushad
					
 0000003F  BE 00000000 R		mov esi, offset intGrid
 00000044  B9 00000010			mov ecx, 16
 00000049  33 DB			xor ebx, ebx
 0000004B  33 FF			xor edi, edi

 0000004D				countEmpty:
 0000004D  8A 04 3E			mov al, [esi + edi]
 00000050  3C 00			cmp al, 0
 00000052  75 01			jne notEmpty
 00000054  43				inc ebx
 00000055				notEmpty:
 00000055  47				inc edi
 00000056  E2 F5			loop countEmpty

 00000058  83 FB 00			cmp ebx, 0
 0000005B  74 38			je boardFull

 0000005D  8B C3			mov eax, ebx
 0000005F  E8 00000000 E		call randomrange
 00000064  8B E8			mov ebp, eax

 00000066  33 FF			xor edi, edi
 00000068  33 C0			xor eax, eax
 0000006A				findEmpty:
 0000006A  8A 14 3E			mov dl, [esi + edi]
 0000006D  80 FA 00			cmp dl, 0
 00000070  75 05			jne skipCell
 00000072  3B C5			cmp eax, ebp
 00000074  74 04			je placeTile
 00000076  40				inc eax
 00000077				skipCell:
 00000077  47				inc edi
 00000078  EB F0			jmp findEmpty

 0000007A				placeTile:
 0000007A  B8 00000004			mov eax, 4
 0000007F  E8 00000000 E		call randomrange
 00000084  83 F8 03			cmp eax, 3
 00000087  74 04			je makeFour
 00000089  B0 01			mov al, 1
 0000008B  EB 02			jmp storeTile
 0000008D				makeFour:
 0000008D  B0 02			mov al, 2

 0000008F				storeTile:
 0000008F  88 04 3E			mov [esi + edi], al
 00000092  61				popad
 00000093  EB 06			jmp done

 00000095				boardFull:
 00000095  61				popad
 00000096  BB 00000001			mov ebx, 1

 0000009B				done:
 0000009B  C3				ret
 0000009C			newTile ENDP


 0000009C			printGrid proc
 0000009C  60				pushad
					
 0000009D  E8 00000000 E		call clrscr
 000000A2  8A 35 000000B9 R		mov dh, [startRow]
 000000A8  8A 15 000000BA R		mov dl, [startCol]
 000000AE  B8 00000004			mov eax, 4   ;keeps track of the outer loop
 000000B3  33 DB			xor ebx, ebx   ;keeps track of the array index
					
 000000B5				printRow:
 000000B5  E8 00000000 E		call gotoxy
 000000BA  52				push edx
 000000BB  BA 00000095 R		mov edx, offset horLine
 000000C0  E8 00000000 E		call writestring
 000000C5  5A				pop edx
 000000C6  FE C6			inc dh
 000000C8  B9 00000004			mov ecx, 4  ;keeps track of the inner loop
 000000CD  E8 00000000 E		call gotoxy

 000000D2				printCell:
 000000D2  0F B6 BB			movzx edi, byte ptr [intGrid + ebx]
	   00000000 R
 000000D9  6B FF 09			imul edi, 9
 000000DC  52				push edx
 000000DD  8D 97 00000020 R		lea edx, [strRep + edi]
 000000E3  E8 00000000 E		call writestring
 000000E8  5A				pop edx
 000000E9  43				inc ebx
 000000EA  49				dec ecx
 000000EB  83 F9 00			cmp ecx, 0
 000000EE  75 E2			jne printCell

 000000F0  52				push edx
 000000F1  BA 000000B7 R		mov edx, offset verLine
 000000F6  E8 00000000 E		call writestring
 000000FB  5A				pop edx
 000000FC  FE C6			inc dh
 000000FE  8A 15 000000BA R		mov dl, [startCol]
 00000104  48				dec eax
 00000105  83 F8 00			cmp eax, 0
 00000108  75 AB			jne printRow

 0000010A  E8 00000000 E		call gotoxy
 0000010F  BA 00000095 R		mov edx, offset horLine
 00000114  E8 00000000 E		call writestring

 00000119  61				popad
 0000011A  C3				ret
 0000011B			printGrid endp


 0000011B			checkGameOver proc
 0000011B  60				pushad

 0000011C  BE 00000000 R		mov esi, offset intGrid
 00000121  B9 00000010			mov ecx, 16
 00000126  33 FF			xor edi, edi

					;checks if the grid has any open cells
 00000128				checkEmpty:
 00000128  8A 04 3E			mov al, [esi + edi]
 0000012B  3C 00			cmp al, 0
 0000012D  74 4F			je gameNotOver
 0000012F  47				inc edi
 00000130  E2 F6			loop checkEmpty

					;checks if horizontal merges can be made
 00000132  BA 00000000			mov edx, 0
 00000137				rowLoopH:
 00000137  B9 00000003			mov ecx, 3
 0000013C  8B FA			mov edi, edx
 0000013E				colLoopH:
 0000013E  8A 04 3E			mov al, [esi + edi]
 00000141  8A 5C 3E 01			mov bl, [esi + edi + 1]
 00000145  3A C3			cmp al, bl
 00000147  74 35			je gameNotOver
 00000149  47				inc edi
 0000014A  E2 F2			loop ColLoopH
 0000014C  83 C2 04			add edx, 4
 0000014F  83 FA 10			cmp edx, 16
 00000152  75 E3			jne rowLoopH

					;checks if vertical merges can be made
 00000154  BA 00000000			mov edx, 0
 00000159				colLoopV:
 00000159  B9 00000003			mov ecx, 3
 0000015E  8B FA			mov edi, edx
 00000160				rowLoopV:
 00000160  8A 04 3E			mov al, [esi + edi]
 00000163  8A 5C 3E 01			mov bl, [esi + edi + 1]
 00000167  3A C3			cmp al, bl
 00000169  74 13			je gameNotOver
 0000016B  83 C7 04			add edi, 4
 0000016E  E2 F0			loop rowLoopV
 00000170  42				inc edx
 00000171  83 FA 04			cmp edx, 4
 00000174  75 E3			jne colLoopV

 00000176				gameOver:
 00000176  61				popad
 00000177  BB 00000001			mov ebx, 1
 0000017C  EB 08			jmp back

 0000017E				gameNotOver:
 0000017E  61				popad 
 0000017F  BB 00000000			mov ebx, 0
 00000184  EB 00			jmp back

 00000186				back:
 00000186  C3				ret
 00000187			checkGameOver endp


 00000187			getMove proc
 00000187  60				pushad

 00000188				getInput:  ;loops until the input is wasd or arrowkeys
 00000188  33 C0			xor eax, eax
 0000018A  E8 00000000 E		call readchar
 0000018F  3C 77			cmp al, 119
 00000191  74 0E			je applyUp
 00000193  3C 61			cmp al, 97
 00000195  74 25			je applyLeft
 00000197  3C 73			cmp al, 115
 00000199  74 28			je applyRight
 0000019B  3C 64			cmp al, 100
 0000019D  74 3F			je applyDown
 0000019F  EB E7			jmp getInput

 000001A1				applyUp:
 000001A1  BA 00000003			mov edx, 3
 000001A6  E8 000000E4			call rotate
 000001AB  E8 00000046			call moveLeft
 000001B0  BA 00000001			mov edx, 1
 000001B5  E8 000000D5			call rotate
 000001BA  EB 38			jmp doneMove

 000001BC				applyLeft:
 000001BC  E8 00000035			call moveLeft
 000001C1  EB 31			jmp doneMove

 000001C3				applyRight:
 000001C3  BA 00000001			mov edx, 1
 000001C8  E8 000000C2			call rotate
 000001CD  E8 00000024			call moveLeft
 000001D2  BA 00000003			mov edx, 3
 000001D7  E8 000000B3			call rotate
 000001DC  EB 16			jmp doneMove

 000001DE				applyDown:
 000001DE  BA 00000002			mov edx, 2
 000001E3  E8 000000A7			call rotate
 000001E8  E8 00000009			call moveLeft
 000001ED  E8 0000009D			call rotate
 000001F2  EB 00			jmp doneMove

 000001F4				doneMove:
 000001F4  61				popad
 000001F5  C3				ret
 000001F6			getMove endp


 000001F6			moveLeft proc
 000001F6  60				pushad

 000001F7  B9 00000000			mov ecx, 0

 000001FC				rowLoop:
 000001FC  33 D2			xor edx, edx
 000001FE  8B D9			mov ebx, ecx
 00000200  C1 E3 02			shl ebx, 2
 00000203  BE 00000000 R		mov esi, offset intGrid
 00000208  8B FE			mov edi, esi
 0000020A  03 FB			add edi, ebx

 0000020C  33 C0			xor eax, eax
 0000020E  BB 00000000			mov ebx, 0

 00000213				firstShift:
 00000213  83 FB 04			cmp ebx, 4
 00000216  7D 0E			jge shiftDOne
 00000218  8A 04 1F			mov al, [edi + ebx]
 0000021B  3C 00			cmp al, 0
 0000021D  74 04			je skipShift
 0000021F  88 04 17			mov [edi + edx], al
 00000222  42				inc edx
 00000223				skipShift:
 00000223  43				inc ebx
 00000224  EB ED			jmp firstShift
 00000226				shiftDone:
 00000226  8B DA			mov ebx, edx
 00000228				fillZero:
 00000228  83 FB 04			cmp ebx, 4
 0000022B  7D 07			jge doneZero
 0000022D  C6 04 1F 00			mov byte ptr [edi + ebx], 0
 00000231  43				inc ebx
 00000232  EB F4			jmp fillZero
 00000234				doneZero:
 00000234  BB 00000000			mov ebx, 0

 00000239				mergeLoop:
 00000239  83 FB 03			cmp ebx, 3
 0000023C  7D 1D			jge mergeDone
 0000023E  8A 04 1F			mov al, [edi + ebx]
 00000241  3C 00			cmp al, 0
 00000243  74 13			je skipMerge
 00000245  8A 64 1F 01			mov ah, [edi + ebx + 1]
 00000249  3A C4			cmp al, ah
 0000024B  75 0B			jne skipMerge
 0000024D  FE C0			inc al
 0000024F  88 04 1F			mov [edi + ebx], al
 00000252  C6 44 1F 01 00		mov byte ptr [edi + ebx + 1], 0
 00000257  43				inc ebx
 00000258				skipMerge:
 00000258  43				inc ebx
 00000259  EB DE			jmp mergeLoop
 0000025B				mergeDone:
 0000025B  33 D2			xor edx, edx
 0000025D  BB 00000000			mov ebx, 0

 00000262				secondShift:
 00000262  83 FB 04			cmp ebx, 4
 00000265  7D 0E			jge doneShift2
 00000267  8A 04 1F			mov al, [edi + ebx]
 0000026A  3C 00			cmp al, 0
 0000026C  74 04			je skipShift2
 0000026E  88 04 17			mov [edi + edx], al
 00000271  42				inc edx
 00000272				skipShift2:
 00000272  43				inc ebx
 00000273  EB ED			jmp secondShift
 00000275				doneShift2:
 00000275  8B DA			mov ebx, edx
 00000277				fillZero2:
 00000277  83 FB 04			cmp ebx, 4
 0000027A  7D 07			jge doneRow
 0000027C  C6 04 1F 00			mov byte ptr [edi + ebx], 0
 00000280  43				inc ebx
 00000281  EB F4			jmp fillZero2

 00000283				doneRow:
 00000283  41				inc ecx
 00000284  83 F9 04			cmp ecx, 4
 00000287  0F 8C FFFFFF6F		jl rowLoop

 0000028D  61				popad
 0000028E  C3				ret
 0000028F			moveLeft endp


 0000028F			rotate proc
 0000028F  60				pushad
					;edx will contain the number to indicate which rotation
					;1 is 90 CW, 2 is 180, and 3 is 90 CWW

 00000290  BE 00000000 R		mov esi, offset intGrid
 00000295  BF 00000010 R		mov edi, offset tempGrid
 0000029A  B9 00000000			mov ecx, 0

 0000029F				rotateLoop:
 0000029F  83 F9 10			cmp ecx, 16
 000002A2  7D 33			jge doneRotate

 000002A4  83 FA 01			cmp edx, 1
 000002A7  74 0C			je rot1
 000002A9  83 FA 02			cmp edx, 2
 000002AC  74 10			je rot2
 000002AE  83 FA 03			cmp edx, 3
 000002B1  74 14			je rot3
 000002B3  EB 35			jmp doneCopy

 000002B5				rot1:
 000002B5  0F B6 99			movzx ebx, byte ptr [rot90CW + ecx]
	   000000BB R
 000002BC  EB 10			jmp cont

 000002BE				rot2:
 000002BE  0F B6 99			movzx ebx, byte ptr [rot180 +ecx]
	   000000CB R
 000002C5  EB 07			jmp cont

 000002C7				rot3:
 000002C7  0F B6 99			movzx ebx, byte ptr [rot90CCW + ecx]
	   000000DB R
					
 000002CE				cont:
 000002CE  8A 04 1E			mov al, [esi + ebx]
 000002D1  88 04 0F			mov [edi + ecx], al
 000002D4				skipMap:
 000002D4  41				inc ecx
 000002D5  EB C8			jmp rotateLoop
 000002D7				doneRotate:

 000002D7  B9 00000000			mov ecx, 0
 000002DC				copyBack:
 000002DC  83 F9 10			cmp ecx, 16
 000002DF  7D 09			jge doneCopy
 000002E1  8A 04 0F			mov al, [edi + ecx]
 000002E4  88 04 0E			mov [esi + ecx], al
 000002E7  41				inc ecx
 000002E8  EB F2			jmp copyBack

 000002EA				doneCopy:
 000002EA  61				popad
 000002EB  C3				ret
 000002EC			rotate endp


				END main
Microsoft (R) Macro Assembler Version 14.44.35215.0	    12/04/25 13:35:01
main.asm						     Symbols 2 - 1




Structures and Unions:

                N a m e                  Size
                                         Offset      Type

CONSOLE_CURSOR_INFO  . . . . . .	 00000008
  dwSize . . . . . . . . . . . .	 00000000	 DWord
  bVisible . . . . . . . . . . .	 00000004	 DWord
CONSOLE_SCREEN_BUFFER_INFO . . .	 00000016
  dwSize . . . . . . . . . . . .	 00000000	 DWord
  dwCursorPosition . . . . . . .	 00000004	 DWord
  wAttributes  . . . . . . . . .	 00000008	 Word
  srWindow . . . . . . . . . . .	 0000000A	 QWord
  dwMaximumWindowSize  . . . . .	 00000012	 DWord
COORD  . . . . . . . . . . . . .	 00000004
  X  . . . . . . . . . . . . . .	 00000000	 Word
  Y  . . . . . . . . . . . . . .	 00000002	 Word
FILETIME . . . . . . . . . . . .	 00000008
  loDateTime . . . . . . . . . .	 00000000	 DWord
  hiDateTime . . . . . . . . . .	 00000004	 DWord
FOCUS_EVENT_RECORD . . . . . . .	 00000004
  bSetFocus  . . . . . . . . . .	 00000000	 DWord
FPU_ENVIRON  . . . . . . . . . .	 0000001C
  controlWord  . . . . . . . . .	 00000000	 Word
  statusWord . . . . . . . . . .	 00000004	 Word
  tagWord  . . . . . . . . . . .	 00000008	 Word
  instrPointerOffset . . . . . .	 0000000C	 DWord
  instrPointerSelector . . . . .	 00000010	 DWord
  operandPointerOffset . . . . .	 00000014	 DWord
  operandPointerSelector . . . .	 00000018	 Word
INPUT_RECORD . . . . . . . . . .	 00000014
  EventType  . . . . . . . . . .	 00000000	 Word
  Event  . . . . . . . . . . . .	 00000004	 XmmWord
  bKeyDown . . . . . . . . . . .	 00000000	 DWord
  wRepeatCount . . . . . . . . .	 00000004	 Word
  wVirtualKeyCode  . . . . . . .	 00000006	 Word
  wVirtualScanCode . . . . . . .	 00000008	 Word
  uChar  . . . . . . . . . . . .	 0000000A	 Word
  UnicodeChar  . . . . . . . . .	 00000000	 Word
  AsciiChar  . . . . . . . . . .	 00000000	 Byte
  dwControlKeyState  . . . . . .	 0000000C	 DWord
  dwMousePosition  . . . . . . .	 00000000	 DWord
  dwButtonState  . . . . . . . .	 00000004	 DWord
  dwMouseControlKeyState . . . .	 00000008	 DWord
  dwEventFlags . . . . . . . . .	 0000000C	 DWord
  dwSize . . . . . . . . . . . .	 00000000	 DWord
  dwCommandId  . . . . . . . . .	 00000000	 DWord
  bSetFocus  . . . . . . . . . .	 00000000	 DWord
KEY_EVENT_RECORD . . . . . . . .	 00000010
  bKeyDown . . . . . . . . . . .	 00000000	 DWord
  wRepeatCount . . . . . . . . .	 00000004	 Word
  wVirtualKeyCode  . . . . . . .	 00000006	 Word
  wVirtualScanCode . . . . . . .	 00000008	 Word
  uChar  . . . . . . . . . . . .	 0000000A	 Word
  UnicodeChar  . . . . . . . . .	 00000000	 Word
  AsciiChar  . . . . . . . . . .	 00000000	 Byte
  dwControlKeyState  . . . . . .	 0000000C	 DWord
MENU_EVENT_RECORD  . . . . . . .	 00000004
  dwCommandId  . . . . . . . . .	 00000000	 DWord
MOUSE_EVENT_RECORD . . . . . . .	 00000010
  dwMousePosition  . . . . . . .	 00000000	 DWord
  dwButtonState  . . . . . . . .	 00000004	 DWord
  dwMouseControlKeyState . . . .	 00000008	 DWord
  dwEventFlags . . . . . . . . .	 0000000C	 DWord
SMALL_RECT . . . . . . . . . . .	 00000008
  Left . . . . . . . . . . . . .	 00000000	 Word
  Top  . . . . . . . . . . . . .	 00000002	 Word
  Right  . . . . . . . . . . . .	 00000004	 Word
  Bottom . . . . . . . . . . . .	 00000006	 Word
SYSTEMTIME . . . . . . . . . . .	 00000010
  wYear  . . . . . . . . . . . .	 00000000	 Word
  wMonth . . . . . . . . . . . .	 00000002	 Word
  wDayOfWeek . . . . . . . . . .	 00000004	 Word
  wDay . . . . . . . . . . . . .	 00000006	 Word
  wHour  . . . . . . . . . . . .	 00000008	 Word
  wMinute  . . . . . . . . . . .	 0000000A	 Word
  wSecond  . . . . . . . . . . .	 0000000C	 Word
  wMilliseconds  . . . . . . . .	 0000000E	 Word
WINDOW_BUFFER_SIZE_RECORD  . . .	 00000004
  dwSize . . . . . . . . . . . .	 00000000	 DWord


Segments and Groups:

                N a m e                 Size     Length   Align   Combine Class

FLAT . . . . . . . . . . . . . .	GROUP
STACK  . . . . . . . . . . . . .	32 Bit	 00001000 Para	  Stack	  'STACK'	 
_DATA  . . . . . . . . . . . . .	32 Bit	 00000111 Para	  Public  'DATA'	
_TEXT  . . . . . . . . . . . . .	32 Bit	 000002EC Para	  Public  'CODE'	


Procedures, parameters, and locals:

                N a m e                 Type     Value    Attr

CloseFile  . . . . . . . . . . .	P Near	 00000000 FLAT	Length= 00000000 External STDCALL
CloseHandle  . . . . . . . . . .	P Near	 00000000 FLAT	Length= 00000000 External STDCALL
Clrscr . . . . . . . . . . . . .	P Near	 00000000 FLAT	Length= 00000000 External STDCALL
CreateFileA  . . . . . . . . . .	P Near	 00000000 FLAT	Length= 00000000 External STDCALL
CreateOutputFile . . . . . . . .	P Near	 00000000 FLAT	Length= 00000000 External STDCALL
Crlf . . . . . . . . . . . . . .	P Near	 00000000 FLAT	Length= 00000000 External STDCALL
Delay  . . . . . . . . . . . . .	P Near	 00000000 FLAT	Length= 00000000 External STDCALL
DumpMem  . . . . . . . . . . . .	P Near	 00000000 FLAT	Length= 00000000 External STDCALL
DumpRegs . . . . . . . . . . . .	P Near	 00000000 FLAT	Length= 00000000 External STDCALL
ExitProcess  . . . . . . . . . .	P Near	 00000000 FLAT	Length= 00000000 External STDCALL
FileTimeToDosDateTime  . . . . .	P Near	 00000000 FLAT	Length= 00000000 External STDCALL
FileTimeToSystemTime . . . . . .	P Near	 00000000 FLAT	Length= 00000000 External STDCALL
FlushConsoleInputBuffer  . . . .	P Near	 00000000 FLAT	Length= 00000000 External STDCALL
FormatMessageA . . . . . . . . .	P Near	 00000000 FLAT	Length= 00000000 External STDCALL
GetCommandLineA  . . . . . . . .	P Near	 00000000 FLAT	Length= 00000000 External STDCALL
GetCommandTail . . . . . . . . .	P Near	 00000000 FLAT	Length= 00000000 External STDCALL
GetConsoleCP . . . . . . . . . .	P Near	 00000000 FLAT	Length= 00000000 External STDCALL
GetConsoleCursorInfo . . . . . .	P Near	 00000000 FLAT	Length= 00000000 External STDCALL
GetConsoleMode . . . . . . . . .	P Near	 00000000 FLAT	Length= 00000000 External STDCALL
GetConsoleScreenBufferInfo . . .	P Near	 00000000 FLAT	Length= 00000000 External STDCALL
GetDateTime  . . . . . . . . . .	P Near	 00000000 FLAT	Length= 00000000 External STDCALL
GetFileTime  . . . . . . . . . .	P Near	 00000000 FLAT	Length= 00000000 External STDCALL
GetKeyState  . . . . . . . . . .	P Near	 00000000 FLAT	Length= 00000000 External STDCALL
GetLastError . . . . . . . . . .	P Near	 00000000 FLAT	Length= 00000000 External STDCALL
GetLocalTime . . . . . . . . . .	P Near	 00000000 FLAT	Length= 00000000 External STDCALL
GetMaxXY . . . . . . . . . . . .	P Near	 00000000 FLAT	Length= 00000000 External STDCALL
GetMseconds  . . . . . . . . . .	P Near	 00000000 FLAT	Length= 00000000 External STDCALL
GetNumberOfConsoleInputEvents  .	P Near	 00000000 FLAT	Length= 00000000 External STDCALL
GetProcessHeap . . . . . . . . .	P Near	 00000000 FLAT	Length= 00000000 External STDCALL
GetStdHandle . . . . . . . . . .	P Near	 00000000 FLAT	Length= 00000000 External STDCALL
GetSystemTime  . . . . . . . . .	P Near	 00000000 FLAT	Length= 00000000 External STDCALL
GetTextColor . . . . . . . . . .	P Near	 00000000 FLAT	Length= 00000000 External STDCALL
GetTickCount . . . . . . . . . .	P Near	 00000000 FLAT	Length= 00000000 External STDCALL
Gotoxy . . . . . . . . . . . . .	P Near	 00000000 FLAT	Length= 00000000 External STDCALL
HeapAlloc  . . . . . . . . . . .	P Near	 00000000 FLAT	Length= 00000000 External STDCALL
HeapCreate . . . . . . . . . . .	P Near	 00000000 FLAT	Length= 00000000 External STDCALL
HeapDestroy  . . . . . . . . . .	P Near	 00000000 FLAT	Length= 00000000 External STDCALL
HeapFree . . . . . . . . . . . .	P Near	 00000000 FLAT	Length= 00000000 External STDCALL
HeapSize . . . . . . . . . . . .	P Near	 00000000 FLAT	Length= 00000000 External STDCALL
IsDigit  . . . . . . . . . . . .	P Near	 00000000 FLAT	Length= 00000000 External STDCALL
LocalFree  . . . . . . . . . . .	P Near	 00000000 FLAT	Length= 00000000 External STDCALL
MessageBoxA  . . . . . . . . . .	P Near	 00000000 FLAT	Length= 00000000 External STDCALL
MsgBoxAsk  . . . . . . . . . . .	P Near	 00000000 FLAT	Length= 00000000 External STDCALL
MsgBox . . . . . . . . . . . . .	P Near	 00000000 FLAT	Length= 00000000 External STDCALL
OpenInputFile  . . . . . . . . .	P Near	 00000000 FLAT	Length= 00000000 External STDCALL
ParseDecimal32 . . . . . . . . .	P Near	 00000000 FLAT	Length= 00000000 External STDCALL
ParseInteger32 . . . . . . . . .	P Near	 00000000 FLAT	Length= 00000000 External STDCALL
PeekConsoleInputA  . . . . . . .	P Near	 00000000 FLAT	Length= 00000000 External STDCALL
Random32 . . . . . . . . . . . .	P Near	 00000000 FLAT	Length= 00000000 External STDCALL
RandomRange  . . . . . . . . . .	P Near	 00000000 FLAT	Length= 00000000 External STDCALL
Randomize  . . . . . . . . . . .	P Near	 00000000 FLAT	Length= 00000000 External STDCALL
ReadChar . . . . . . . . . . . .	P Near	 00000000 FLAT	Length= 00000000 External STDCALL
ReadConsoleA . . . . . . . . . .	P Near	 00000000 FLAT	Length= 00000000 External STDCALL
ReadConsoleInputA  . . . . . . .	P Near	 00000000 FLAT	Length= 00000000 External STDCALL
ReadDec  . . . . . . . . . . . .	P Near	 00000000 FLAT	Length= 00000000 External STDCALL
ReadFile . . . . . . . . . . . .	P Near	 00000000 FLAT	Length= 00000000 External STDCALL
ReadFloat  . . . . . . . . . . .	P Near	 00000000 FLAT	Length= 00000000 External STDCALL
ReadFromFile . . . . . . . . . .	P Near	 00000000 FLAT	Length= 00000000 External STDCALL
ReadHex  . . . . . . . . . . . .	P Near	 00000000 FLAT	Length= 00000000 External STDCALL
ReadInt  . . . . . . . . . . . .	P Near	 00000000 FLAT	Length= 00000000 External STDCALL
ReadKeyFlush . . . . . . . . . .	P Near	 00000000 FLAT	Length= 00000000 External STDCALL
ReadKey  . . . . . . . . . . . .	P Near	 00000000 FLAT	Length= 00000000 External STDCALL
ReadString . . . . . . . . . . .	P Near	 00000000 FLAT	Length= 00000000 External STDCALL
SetConsoleCursorInfo . . . . . .	P Near	 00000000 FLAT	Length= 00000000 External STDCALL
SetConsoleCursorPosition . . . .	P Near	 00000000 FLAT	Length= 00000000 External STDCALL
SetConsoleMode . . . . . . . . .	P Near	 00000000 FLAT	Length= 00000000 External STDCALL
SetConsoleScreenBufferSize . . .	P Near	 00000000 FLAT	Length= 00000000 External STDCALL
SetConsoleTextAttribute  . . . .	P Near	 00000000 FLAT	Length= 00000000 External STDCALL
SetConsoleTitleA . . . . . . . .	P Near	 00000000 FLAT	Length= 00000000 External STDCALL
SetConsoleWindowInfo . . . . . .	P Near	 00000000 FLAT	Length= 00000000 External STDCALL
SetFilePointer . . . . . . . . .	P Near	 00000000 FLAT	Length= 00000000 External STDCALL
SetLocalTime . . . . . . . . . .	P Near	 00000000 FLAT	Length= 00000000 External STDCALL
SetTextColor . . . . . . . . . .	P Near	 00000000 FLAT	Length= 00000000 External STDCALL
ShowFPUStack . . . . . . . . . .	P Near	 00000000 FLAT	Length= 00000000 External STDCALL
Sleep  . . . . . . . . . . . . .	P Near	 00000000 FLAT	Length= 00000000 External STDCALL
StrLength  . . . . . . . . . . .	P Near	 00000000 FLAT	Length= 00000000 External STDCALL
Str_compare  . . . . . . . . . .	P Near	 00000000 FLAT	Length= 00000000 External STDCALL
Str_copy . . . . . . . . . . . .	P Near	 00000000 FLAT	Length= 00000000 External STDCALL
Str_length . . . . . . . . . . .	P Near	 00000000 FLAT	Length= 00000000 External STDCALL
Str_trim . . . . . . . . . . . .	P Near	 00000000 FLAT	Length= 00000000 External STDCALL
Str_ucase  . . . . . . . . . . .	P Near	 00000000 FLAT	Length= 00000000 External STDCALL
SystemTimeToFileTime . . . . . .	P Near	 00000000 FLAT	Length= 00000000 External STDCALL
WaitMsg  . . . . . . . . . . . .	P Near	 00000000 FLAT	Length= 00000000 External STDCALL
WriteBinB  . . . . . . . . . . .	P Near	 00000000 FLAT	Length= 00000000 External STDCALL
WriteBin . . . . . . . . . . . .	P Near	 00000000 FLAT	Length= 00000000 External STDCALL
WriteChar  . . . . . . . . . . .	P Near	 00000000 FLAT	Length= 00000000 External STDCALL
WriteConsoleA  . . . . . . . . .	P Near	 00000000 FLAT	Length= 00000000 External STDCALL
WriteConsoleOutputAttribute  . .	P Near	 00000000 FLAT	Length= 00000000 External STDCALL
WriteConsoleOutputCharacterA . .	P Near	 00000000 FLAT	Length= 00000000 External STDCALL
WriteDec . . . . . . . . . . . .	P Near	 00000000 FLAT	Length= 00000000 External STDCALL
WriteFile  . . . . . . . . . . .	P Near	 00000000 FLAT	Length= 00000000 External STDCALL
WriteFloat . . . . . . . . . . .	P Near	 00000000 FLAT	Length= 00000000 External STDCALL
WriteHexB  . . . . . . . . . . .	P Near	 00000000 FLAT	Length= 00000000 External STDCALL
WriteHex . . . . . . . . . . . .	P Near	 00000000 FLAT	Length= 00000000 External STDCALL
WriteInt . . . . . . . . . . . .	P Near	 00000000 FLAT	Length= 00000000 External STDCALL
WriteStackFrameName  . . . . . .	P Near	 00000000 FLAT	Length= 00000000 External STDCALL
WriteStackFrame  . . . . . . . .	P Near	 00000000 FLAT	Length= 00000000 External STDCALL
WriteString  . . . . . . . . . .	P Near	 00000000 FLAT	Length= 00000000 External STDCALL
WriteToFile  . . . . . . . . . .	P Near	 00000000 FLAT	Length= 00000000 External STDCALL
WriteWindowsMsg  . . . . . . . .	P Near	 00000000 FLAT	Length= 00000000 External STDCALL
checkGameOver  . . . . . . . . .	P Near	 0000011B _TEXT	Length= 0000006C Public STDCALL
  checkEmpty . . . . . . . . . .	L Near	 00000128 _TEXT	
  rowLoopH . . . . . . . . . . .	L Near	 00000137 _TEXT	
  colLoopH . . . . . . . . . . .	L Near	 0000013E _TEXT	
  colLoopV . . . . . . . . . . .	L Near	 00000159 _TEXT	
  rowLoopV . . . . . . . . . . .	L Near	 00000160 _TEXT	
  gameOver . . . . . . . . . . .	L Near	 00000176 _TEXT	
  gameNotOver  . . . . . . . . .	L Near	 0000017E _TEXT	
  back . . . . . . . . . . . . .	L Near	 00000186 _TEXT	
getMove  . . . . . . . . . . . .	P Near	 00000187 _TEXT	Length= 0000006F Public STDCALL
  getInput . . . . . . . . . . .	L Near	 00000188 _TEXT	
  applyUp  . . . . . . . . . . .	L Near	 000001A1 _TEXT	
  applyLeft  . . . . . . . . . .	L Near	 000001BC _TEXT	
  applyRight . . . . . . . . . .	L Near	 000001C3 _TEXT	
  applyDown  . . . . . . . . . .	L Near	 000001DE _TEXT	
  doneMove . . . . . . . . . . .	L Near	 000001F4 _TEXT	
main . . . . . . . . . . . . . .	P Near	 00000000 _TEXT	Length= 0000003E Public STDCALL
  gameLoop . . . . . . . . . . .	L Near	 00000005 _TEXT	
  gameLost . . . . . . . . . . .	L Near	 00000022 _TEXT	
  endprogram . . . . . . . . . .	L Near	 00000037 _TEXT	
moveLeft . . . . . . . . . . . .	P Near	 000001F6 _TEXT	Length= 00000099 Public STDCALL
  rowLoop  . . . . . . . . . . .	L Near	 000001FC _TEXT	
  firstShift . . . . . . . . . .	L Near	 00000213 _TEXT	
  skipShift  . . . . . . . . . .	L Near	 00000223 _TEXT	
  shiftDone  . . . . . . . . . .	L Near	 00000226 _TEXT	
  fillZero . . . . . . . . . . .	L Near	 00000228 _TEXT	
  doneZero . . . . . . . . . . .	L Near	 00000234 _TEXT	
  mergeLoop  . . . . . . . . . .	L Near	 00000239 _TEXT	
  skipMerge  . . . . . . . . . .	L Near	 00000258 _TEXT	
  mergeDone  . . . . . . . . . .	L Near	 0000025B _TEXT	
  secondShift  . . . . . . . . .	L Near	 00000262 _TEXT	
  skipShift2 . . . . . . . . . .	L Near	 00000272 _TEXT	
  doneShift2 . . . . . . . . . .	L Near	 00000275 _TEXT	
  fillZero2  . . . . . . . . . .	L Near	 00000277 _TEXT	
  doneRow  . . . . . . . . . . .	L Near	 00000283 _TEXT	
newTile  . . . . . . . . . . . .	P Near	 0000003E _TEXT	Length= 0000005E Public STDCALL
  countEmpty . . . . . . . . . .	L Near	 0000004D _TEXT	
  notEmpty . . . . . . . . . . .	L Near	 00000055 _TEXT	
  findEmpty  . . . . . . . . . .	L Near	 0000006A _TEXT	
  skipCell . . . . . . . . . . .	L Near	 00000077 _TEXT	
  placeTile  . . . . . . . . . .	L Near	 0000007A _TEXT	
  makeFour . . . . . . . . . . .	L Near	 0000008D _TEXT	
  storeTile  . . . . . . . . . .	L Near	 0000008F _TEXT	
  boardFull  . . . . . . . . . .	L Near	 00000095 _TEXT	
  done . . . . . . . . . . . . .	L Near	 0000009B _TEXT	
printGrid  . . . . . . . . . . .	P Near	 0000009C _TEXT	Length= 0000007F Public STDCALL
  printRow . . . . . . . . . . .	L Near	 000000B5 _TEXT	
  printCell  . . . . . . . . . .	L Near	 000000D2 _TEXT	
printf . . . . . . . . . . . . .	P Near	 00000000 FLAT	Length= 00000000 External C
rotate . . . . . . . . . . . . .	P Near	 0000028F _TEXT	Length= 0000005D Public STDCALL
  rotateLoop . . . . . . . . . .	L Near	 0000029F _TEXT	
  rot1 . . . . . . . . . . . . .	L Near	 000002B5 _TEXT	
  rot2 . . . . . . . . . . . . .	L Near	 000002BE _TEXT	
  rot3 . . . . . . . . . . . . .	L Near	 000002C7 _TEXT	
  cont . . . . . . . . . . . . .	L Near	 000002CE _TEXT	
  skipMap  . . . . . . . . . . .	L Near	 000002D4 _TEXT	
  doneRotate . . . . . . . . . .	L Near	 000002D7 _TEXT	
  copyBack . . . . . . . . . . .	L Near	 000002DC _TEXT	
  doneCopy . . . . . . . . . . .	L Near	 000002EA _TEXT	
scanf  . . . . . . . . . . . . .	P Near	 00000000 FLAT	Length= 00000000 External C
wsprintfA  . . . . . . . . . . .	P Near	 00000000 FLAT	Length= 00000000 External C


Symbols:

                N a m e                 Type     Value    Attr

@CodeSize  . . . . . . . . . . .	Number	 00000000h   
@DataSize  . . . . . . . . . . .	Number	 00000000h   
@Interface . . . . . . . . . . .	Number	 00000003h   
@Model . . . . . . . . . . . . .	Number	 00000007h   
@code  . . . . . . . . . . . . .	Text   	 _TEXT
@data  . . . . . . . . . . . . .	Text   	 FLAT
@fardata?  . . . . . . . . . . .	Text   	 FLAT
@fardata . . . . . . . . . . . .	Text   	 FLAT
@stack . . . . . . . . . . . . .	Text   	 FLAT
ALT_MASK . . . . . . . . . . . .	Number	 00000003h   
CAPSLOCK_ON  . . . . . . . . . .	Number	 00000080h   
CREATE_ALWAYS  . . . . . . . . .	Number	 00000002h   
CREATE_NEW . . . . . . . . . . .	Number	 00000001h   
CTRL_MASK  . . . . . . . . . . .	Number	 0000000Ch   
CreateFile . . . . . . . . . . .	Text   	 CreateFileA
DO_NOT_SHARE . . . . . . . . . .	Number	 00000000h   
ENABLE_ECHO_INPUT  . . . . . . .	Number	 00000004h   
ENABLE_LINE_INPUT  . . . . . . .	Number	 00000002h   
ENABLE_MOUSE_INPUT . . . . . . .	Number	 00000010h   
ENABLE_PROCESSED_INPUT . . . . .	Number	 00000001h   
ENABLE_PROCESSED_OUTPUT  . . . .	Number	 00000001h   
ENABLE_WINDOW_INPUT  . . . . . .	Number	 00000008h   
ENABLE_WRAP_AT_EOL_OUTPUT  . . .	Number	 00000002h   
ENHANCED_KEY . . . . . . . . . .	Number	 00000100h   
FALSE  . . . . . . . . . . . . .	Number	 00000000h   
FILE_APPEND_DATA . . . . . . . .	Number	 00000004h   
FILE_ATTRIBUTE_ARCHIVE . . . . .	Number	 00000020h   
FILE_ATTRIBUTE_COMPRESSED  . . .	Number	 00000800h   
FILE_ATTRIBUTE_DEVICE  . . . . .	Number	 00000040h   
FILE_ATTRIBUTE_DIRECTORY . . . .	Number	 00000010h   
FILE_ATTRIBUTE_ENCRYPTED . . . .	Number	 00004000h   
FILE_ATTRIBUTE_HIDDEN  . . . . .	Number	 00000002h   
FILE_ATTRIBUTE_NORMAL  . . . . .	Number	 00000080h   
FILE_ATTRIBUTE_NOT_CONTENT_INDEXED .	Number	 00002000h   
FILE_ATTRIBUTE_OFFLINE . . . . .	Number	 00001000h   
FILE_ATTRIBUTE_READONLY  . . . .	Number	 00000001h   
FILE_ATTRIBUTE_REPARSE_POINT . .	Number	 00000400h   
FILE_ATTRIBUTE_SPARSE_FILE . . .	Number	 00000200h   
FILE_ATTRIBUTE_SYSTEM  . . . . .	Number	 00000004h   
FILE_ATTRIBUTE_TEMPORARY . . . .	Number	 00000100h   
FILE_BEGIN . . . . . . . . . . .	Number	 00000000h   
FILE_CURRENT . . . . . . . . . .	Number	 00000001h   
FILE_DELETE_CHILD  . . . . . . .	Number	 00000040h   
FILE_END . . . . . . . . . . . .	Number	 00000002h   
FILE_READ_DATA . . . . . . . . .	Number	 00000001h   
FILE_SHARE_DELETE  . . . . . . .	Number	 00000004h   
FILE_SHARE_READ  . . . . . . . .	Number	 00000001h   
FILE_SHARE_WRITE . . . . . . . .	Number	 00000002h   
FILE_WRITE_DATA  . . . . . . . .	Number	 00000002h   
FOCUS_EVENT  . . . . . . . . . .	Number	 00000010h   
FORMAT_MESSAGE_ALLOCATE_BUFFER .	Number	 00000100h   
FORMAT_MESSAGE_FROM_SYSTEM . . .	Number	 00001000h   
FormatMessage  . . . . . . . . .	Text   	 FormatMessageA
GENERIC_ALL  . . . . . . . . . .	Number	 10000000h   
GENERIC_EXECUTE  . . . . . . . .	Number	 20000000h   
GENERIC_READ . . . . . . . . . .	Number	 -80000000h   
GENERIC_WRITE  . . . . . . . . .	Number	 40000000h   
GetCommandLine . . . . . . . . .	Text   	 GetCommandLineA
HANDLE . . . . . . . . . . . . .	Text   	 DWORD
HEAP_GENERATE_EXCEPTIONS . . . .	Number	 00000004h   
HEAP_GROWABLE  . . . . . . . . .	Number	 00000002h   
HEAP_NO_SERIALIZE  . . . . . . .	Number	 00000001h   
HEAP_REALLOC_IN_PLACE_ONLY . . .	Number	 00000010h   
HEAP_ZERO_MEMORY . . . . . . . .	Number	 00000008h   
IDABORT  . . . . . . . . . . . .	Number	 00000003h   
IDCANCEL . . . . . . . . . . . .	Number	 00000002h   
IDCLOSE  . . . . . . . . . . . .	Number	 00000008h   
IDCONTINUE . . . . . . . . . . .	Number	 0000000Bh   
IDHELP . . . . . . . . . . . . .	Number	 00000009h   
IDIGNORE . . . . . . . . . . . .	Number	 00000005h   
IDNO . . . . . . . . . . . . . .	Number	 00000007h   
IDOK . . . . . . . . . . . . . .	Number	 00000001h   
IDRETRY  . . . . . . . . . . . .	Number	 00000004h   
IDTIMEOUT  . . . . . . . . . . .	Number	 00007D00h   
IDTRYAGAIN . . . . . . . . . . .	Number	 0000000Ah   
IDYES  . . . . . . . . . . . . .	Number	 00000006h   
INVALID_HANDLE_VALUE . . . . . .	Number	 -00000001h   
KBDOWN_FLAG  . . . . . . . . . .	Number	 00000001h   
KEY_EVENT  . . . . . . . . . . .	Number	 00000001h   
KEY_MASKS  . . . . . . . . . . .	Number	 0000001Fh   
LEFT_ALT_PRESSED . . . . . . . .	Number	 00000002h   
LEFT_CTRL_PRESSED  . . . . . . .	Number	 00000008h   
MB_ABORTRETRYIGNORE  . . . . . .	Number	 00000002h   
MB_APPLMODAL . . . . . . . . . .	Number	 00000000h   
MB_CANCELTRYCONTINUE . . . . . .	Number	 00000006h   
MB_DEFBUTTON1  . . . . . . . . .	Number	 00000000h   
MB_DEFBUTTON2  . . . . . . . . .	Number	 00000100h   
MB_DEFBUTTON3  . . . . . . . . .	Number	 00000200h   
MB_DEFBUTTON4  . . . . . . . . .	Number	 00000300h   
MB_HELP  . . . . . . . . . . . .	Number	 00004000h   
MB_ICONASTERISK  . . . . . . . .	Number	 00000040h   
MB_ICONERROR . . . . . . . . . .	Number	 00000010h   
MB_ICONEXCLAMATION . . . . . . .	Number	 00000030h   
MB_ICONHAND  . . . . . . . . . .	Number	 00000010h   
MB_ICONINFORMATION . . . . . . .	Number	 00000040h   
MB_ICONQUESTION  . . . . . . . .	Number	 00000020h   
MB_ICONSTOP  . . . . . . . . . .	Number	 00000010h   
MB_ICONWARNING . . . . . . . . .	Number	 00000030h   
MB_OKCANCEL  . . . . . . . . . .	Number	 00000001h   
MB_OK  . . . . . . . . . . . . .	Number	 00000000h   
MB_RETRYCANCEL . . . . . . . . .	Number	 00000005h   
MB_SYSTEMMODAL . . . . . . . . .	Number	 00001000h   
MB_TASKMODAL . . . . . . . . . .	Number	 00002000h   
MB_USERICON  . . . . . . . . . .	Number	 00000080h   
MB_YESNOCANCEL . . . . . . . . .	Number	 00000003h   
MB_YESNO . . . . . . . . . . . .	Number	 00000004h   
MENU_EVENT . . . . . . . . . . .	Number	 00000008h   
MOUSE_EVENT  . . . . . . . . . .	Number	 00000002h   
MessageBox . . . . . . . . . . .	Text   	 MessageBoxA
NULL . . . . . . . . . . . . . .	Number	 00000000h   
NUMLOCK_ON . . . . . . . . . . .	Number	 00000020h   
OPEN_ALWAYS  . . . . . . . . . .	Number	 00000004h   
OPEN_EXISTING  . . . . . . . . .	Number	 00000003h   
PeekConsoleInput . . . . . . . .	Text   	 PeekConsoleInputA
RIGHT_ALT_PRESSED  . . . . . . .	Number	 00000001h   
RIGHT_CTRL_PRESSED . . . . . . .	Number	 00000004h   
ReadConsoleInput . . . . . . . .	Text   	 ReadConsoleInputA
ReadConsole  . . . . . . . . . .	Text   	 ReadConsoleA
SCROLLLOCK_ON  . . . . . . . . .	Number	 00000040h   
SHIFT_MASK . . . . . . . . . . .	Number	 00000010h   
SHIFT_PRESSED  . . . . . . . . .	Number	 00000010h   
STD_ERROR_HANDLE . . . . . . . .	Number	 -0000000Ch   
STD_INPUT_HANDLE . . . . . . . .	Number	 -0000000Ah   
STD_OUTPUT_HANDLE  . . . . . . .	Number	 -0000000Bh   
SetConsoleTitle  . . . . . . . .	Text   	 SetConsoleTitleA
TAB  . . . . . . . . . . . . . .	Number	 00000009h   
TRUE . . . . . . . . . . . . . .	Number	 00000001h   
TRUNCATE_EXISTING  . . . . . . .	Number	 00000005h   
VK_11  . . . . . . . . . . . . .	Number	 000000BDh   
VK_12  . . . . . . . . . . . . .	Number	 000000BBh   
VK_ADD . . . . . . . . . . . . .	Number	 0000006Bh   
VK_BACK  . . . . . . . . . . . .	Number	 00000008h   
VK_CANCEL  . . . . . . . . . . .	Number	 00000003h   
VK_CAPITAL . . . . . . . . . . .	Number	 00000014h   
VK_CLEAR . . . . . . . . . . . .	Number	 0000000Ch   
VK_CONTROL . . . . . . . . . . .	Number	 00000011h   
VK_DECIMAL . . . . . . . . . . .	Number	 0000006Eh   
VK_DELETE  . . . . . . . . . . .	Number	 0000002Eh   
VK_DIVIDE  . . . . . . . . . . .	Number	 0000006Fh   
VK_DOWN  . . . . . . . . . . . .	Number	 00000028h   
VK_END . . . . . . . . . . . . .	Number	 00000023h   
VK_ESCAPE  . . . . . . . . . . .	Number	 0000001Bh   
VK_EXECUTE . . . . . . . . . . .	Number	 0000002Bh   
VK_F10 . . . . . . . . . . . . .	Number	 00000079h   
VK_F11 . . . . . . . . . . . . .	Number	 0000007Ah   
VK_F12 . . . . . . . . . . . . .	Number	 0000007Bh   
VK_F13 . . . . . . . . . . . . .	Number	 0000007Ch   
VK_F14 . . . . . . . . . . . . .	Number	 0000007Dh   
VK_F15 . . . . . . . . . . . . .	Number	 0000007Eh   
VK_F16 . . . . . . . . . . . . .	Number	 0000007Fh   
VK_F17 . . . . . . . . . . . . .	Number	 00000080h   
VK_F18 . . . . . . . . . . . . .	Number	 00000081h   
VK_F19 . . . . . . . . . . . . .	Number	 00000082h   
VK_F1  . . . . . . . . . . . . .	Number	 00000070h   
VK_F20 . . . . . . . . . . . . .	Number	 00000083h   
VK_F21 . . . . . . . . . . . . .	Number	 00000084h   
VK_F22 . . . . . . . . . . . . .	Number	 00000085h   
VK_F23 . . . . . . . . . . . . .	Number	 00000086h   
VK_F24 . . . . . . . . . . . . .	Number	 00000087h   
VK_F2  . . . . . . . . . . . . .	Number	 00000071h   
VK_F3  . . . . . . . . . . . . .	Number	 00000072h   
VK_F4  . . . . . . . . . . . . .	Number	 00000073h   
VK_F5  . . . . . . . . . . . . .	Number	 00000074h   
VK_F6  . . . . . . . . . . . . .	Number	 00000075h   
VK_F7  . . . . . . . . . . . . .	Number	 00000076h   
VK_F8  . . . . . . . . . . . . .	Number	 00000077h   
VK_F9  . . . . . . . . . . . . .	Number	 00000078h   
VK_HELP  . . . . . . . . . . . .	Number	 0000002Fh   
VK_HOME  . . . . . . . . . . . .	Number	 00000024h   
VK_INSERT  . . . . . . . . . . .	Number	 0000002Dh   
VK_LBUTTON . . . . . . . . . . .	Number	 00000001h   
VK_LCONTROL  . . . . . . . . . .	Number	 000000A2h   
VK_LEFT  . . . . . . . . . . . .	Number	 00000025h   
VK_LMENU . . . . . . . . . . . .	Number	 000000A4h   
VK_LSHIFT  . . . . . . . . . . .	Number	 000000A0h   
VK_MENU  . . . . . . . . . . . .	Number	 00000012h   
VK_MULTIPLY  . . . . . . . . . .	Number	 0000006Ah   
VK_NEXT  . . . . . . . . . . . .	Number	 00000022h   
VK_NUMLOCK . . . . . . . . . . .	Number	 00000090h   
VK_NUMPAD0 . . . . . . . . . . .	Number	 00000060h   
VK_NUMPAD1 . . . . . . . . . . .	Number	 00000061h   
VK_NUMPAD2 . . . . . . . . . . .	Number	 00000062h   
VK_NUMPAD3 . . . . . . . . . . .	Number	 00000063h   
VK_NUMPAD4 . . . . . . . . . . .	Number	 00000064h   
VK_NUMPAD5 . . . . . . . . . . .	Number	 00000065h   
VK_NUMPAD6 . . . . . . . . . . .	Number	 00000066h   
VK_NUMPAD7 . . . . . . . . . . .	Number	 00000067h   
VK_NUMPAD8 . . . . . . . . . . .	Number	 00000068h   
VK_NUMPAD9 . . . . . . . . . . .	Number	 00000069h   
VK_PAUSE . . . . . . . . . . . .	Number	 00000013h   
VK_PRINT . . . . . . . . . . . .	Number	 0000002Ah   
VK_PRIOR . . . . . . . . . . . .	Number	 00000021h   
VK_RBUTTON . . . . . . . . . . .	Number	 00000002h   
VK_RCONTROL  . . . . . . . . . .	Number	 000000A3h   
VK_RETURN  . . . . . . . . . . .	Number	 0000000Dh   
VK_RIGHT . . . . . . . . . . . .	Number	 00000027h   
VK_RMENU . . . . . . . . . . . .	Number	 000000A5h   
VK_RSHIFT  . . . . . . . . . . .	Number	 000000A1h   
VK_SCROLL  . . . . . . . . . . .	Number	 00000091h   
VK_SEPARATER . . . . . . . . . .	Number	 0000006Ch   
VK_SHIFT . . . . . . . . . . . .	Number	 00000010h   
VK_SNAPSHOT  . . . . . . . . . .	Number	 0000002Ch   
VK_SPACE . . . . . . . . . . . .	Number	 00000020h   
VK_SUBTRACT  . . . . . . . . . .	Number	 0000006Dh   
VK_TAB . . . . . . . . . . . . .	Number	 00000009h   
VK_UP  . . . . . . . . . . . . .	Number	 00000026h   
WINDOW_BUFFER_SIZE_EVENT . . . .	Number	 00000004h   
WriteConsoleOutputCharacter  . .	Text   	 WriteConsoleOutputCharacterA
WriteConsole . . . . . . . . . .	Text   	 WriteConsoleA
black  . . . . . . . . . . . . .	Number	 00000000h   
blue . . . . . . . . . . . . . .	Number	 00000001h   
brown  . . . . . . . . . . . . .	Number	 00000006h   
cyan . . . . . . . . . . . . . .	Number	 00000003h   
exit . . . . . . . . . . . . . .	Text   	 INVOKE ExitProcess,0
gray . . . . . . . . . . . . . .	Number	 00000008h   
green  . . . . . . . . . . . . .	Number	 00000002h   
horLine  . . . . . . . . . . . .	Byte	 00000095 _DATA	
intGrid  . . . . . . . . . . . .	Byte	 00000000 _DATA	
lightBlue  . . . . . . . . . . .	Number	 00000009h   
lightCyan  . . . . . . . . . . .	Number	 0000000Bh   
lightGray  . . . . . . . . . . .	Number	 00000007h   
lightGreen . . . . . . . . . . .	Number	 0000000Ah   
lightMagenta . . . . . . . . . .	Number	 0000000Dh   
lightRed . . . . . . . . . . . .	Number	 0000000Ch   
lostMsg  . . . . . . . . . . . .	Byte	 000000EB _DATA	
magenta  . . . . . . . . . . . .	Number	 00000005h   
red  . . . . . . . . . . . . . .	Number	 00000004h   
rot180 . . . . . . . . . . . . .	Byte	 000000CB _DATA	
rot90CCW . . . . . . . . . . . .	Byte	 000000DB _DATA	
rot90CW  . . . . . . . . . . . .	Byte	 000000BB _DATA	
startCol . . . . . . . . . . . .	Byte	 000000BA _DATA	
startRow . . . . . . . . . . . .	Byte	 000000B9 _DATA	
strRep . . . . . . . . . . . . .	Byte	 00000020 _DATA	
tempGrid . . . . . . . . . . . .	Byte	 00000010 _DATA	
verLine  . . . . . . . . . . . .	Byte	 000000B7 _DATA	
white  . . . . . . . . . . . . .	Number	 0000000Fh   
wsprintf . . . . . . . . . . . .	Text   	 wsprintfA
yellow . . . . . . . . . . . . .	Number	 0000000Eh   

	   0 Warnings
	   0 Errors
